Server ID,Sponsor,Server Name,Timestamp,Distance,Ping,Download,Upload,Share,IP Address
21378,Grupo MasMovil,Madrid,2020-03-27T09:47:54.191368Z,0.3346138906136012,21.519,292692424.4347765,99690905.26477125,,94.73.61.9
21378,Grupo MasMovil,Madrid,2020-03-27T09:56:02.245208Z,0.3346138906136012,22.567,273523734.3511768,94246530.60886203,,94.73.61.9
21378,Grupo MasMovil,Madrid,2020-03-27T09:58:02.271545Z,0.3346138906136012,22.598,263005506.14229843,95459787.3290852,,94.73.61.9
21378,Grupo MasMovil,Madrid,2020-03-27T09:59:02.263306Z,0.3346138906136012,23.4,261190764.13250062,90221964.44220784,,94.73.61.9
21378,Grupo MasMovil,Madrid,2020-03-27T11:00:02.221164Z,0.3346138906136012,11.965,255423332.6061331,80122378.90041733,,94.73.61.9
21378,Grupo MasMovil,Madrid,2020-03-27T11:01:02.238855Z,0.3346138906136012,6.264,183461881.35316712,111072167.8223283,,94.73.61.9
21378,Grupo MasMovil,Madrid,2020-03-27T11:02:02.088402Z,0.3346138906136012,10.306,273742809.7831806,86459209.81203748,,94.73.61.9
21378,Grupo MasMovil,Madrid,2020-03-27T11:03:02.067028Z,0.3346138906136012,11.598,236453717.61929342,84247881.49656779,,94.73.61.9
21378,Grupo MasMovil,Madrid,2020-03-27T11:04:02.158719Z,0.3346138906136012,43.778,247541726.99786913,94933724.41448833,,94.73.61.9
21378,Grupo MasMovil,Madrid,2020-03-27T11:05:02.182624Z,0.3346138906136012,10.846,194709887.17072472,57717127.442715995,,94.73.61.9
21378,Grupo MasMovil,Madrid,2020-03-27T11:06:02.029023Z,0.3346138906136012,6.479,189886565.0240676,80048729.04193318,,94.73.61.9
21378,Grupo MasMovil,Madrid,2020-03-27T11:07:01.950791Z,0.3346138906136012,6.006,219996732.80289444,89973318.43237343,,94.73.61.9
21378,Grupo MasMovil,Madrid,2020-03-27T11:08:01.798247Z,0.3346138906136012,44.266,239170451.25711542,99375956.2768208,,94.73.61.9
21378,Grupo MasMovil,Madrid,2020-03-27T11:09:01.336826Z,0.3346138906136012,6.005,211876137.69799978,66232959.70599154,,94.73.61.9
21378,Grupo MasMovil,Madrid,2020-03-27T11:10:01.246914Z,0.3346138906136012,12.623,262834826.85309753,71518157.28336678,,94.73.61.9
21378,Grupo MasMovil,Madrid,2020-03-27T11:11:02.130708Z,0.3346138906136012,6.915,256023631.34125072,83760317.0905083,,94.73.61.9
21378,Grupo MasMovil,Madrid,2020-03-27T11:12:01.981864Z,0.3346138906136012,5.251,271250408.2800583,63259240.743025675,,94.73.61.9
21378,Grupo MasMovil,Madrid,2020-03-27T11:13:01.780003Z,0.3346138906136012,5.88,267541887.69092092,81357493.92341559,,94.73.61.9
21378,Grupo MasMovil,Madrid,2020-03-27T11:14:01.660445Z,0.3346138906136012,6.589,282311908.67199194,98696686.05698293,,94.73.61.9
21378,Grupo MasMovil,Madrid,2020-03-27T11:15:01.381519Z,0.3346138906136012,6.295,284134008.3631682,79268341.70070162,,94.73.61.9
21378,Grupo MasMovil,Madrid,2020-03-27T11:16:02.065306Z,0.3346138906136012,6.343,285661087.07076323,79237238.66478738,,94.73.61.9
21378,Grupo MasMovil,Madrid,2020-03-27T11:17:01.862200Z,0.3346138906136012,6.268,289067233.57572204,95768415.17308922,,94.73.61.9
21378,Grupo MasMovil,Madrid,2020-03-27T11:18:01.698061Z,0.3346138906136012,35.445,293613196.8961854,68239052.11296642,,94.73.61.9
21378,Grupo MasMovil,Madrid,2020-03-27T11:19:01.715499Z,0.3346138906136012,5.929,219440060.6855292,80976455.02797346,,94.73.61.9
21378,Grupo MasMovil,Madrid,2020-03-27T11:20:01.510569Z,0.3346138906136012,5.998,176437417.3964451,83543048.46050113,,94.73.61.9
21378,Grupo MasMovil,Madrid,2020-03-27T11:21:01.231285Z,0.3346138906136012,10.952,211803832.73540127,81501868.53782685,,94.73.61.9
21378,Grupo MasMovil,Madrid,2020-03-27T11:22:02.150183Z,0.3346138906136012,7.165,272143656.5112374,89008653.08324112,,94.73.61.9
21378,Grupo MasMovil,Madrid,2020-03-27T11:23:02.119046Z,0.3346138906136012,9.383,222407227.18976852,66376182.89887586,,94.73.61.9
21378,Grupo MasMovil,Madrid,2020-03-27T11:24:02.075224Z,0.3346138906136012,22.953,188516481.80148274,90307409.05636846,,94.73.61.9
21378,Grupo MasMovil,Madrid,2020-03-27T11:25:01.990207Z,0.3346138906136012,30.168,236240472.39753515,85085682.65294482,,94.73.61.9
21378,Grupo MasMovil,Madrid,2020-03-27T11:26:02.042350Z,0.3346138906136012,29.727,270479312.7990013,85820961.94915742,,94.73.61.9
21378,Grupo MasMovil,Madrid,2020-03-27T11:27:02.211226Z,0.3346138906136012,23.183,192930036.49792144,87539026.23811269,,94.73.61.9
21378,Grupo MasMovil,Madrid,2020-03-27T11:28:02.420678Z,0.3346138906136012,21.878,254997243.15436727,79844353.05375536,,94.73.61.9
21378,Grupo MasMovil,Madrid,2020-03-27T11:29:01.694179Z,0.3346138906136012,20.722,277503198.248165,80684434.68864645,,94.73.61.9
21378,Grupo MasMovil,Madrid,2020-03-27T11:30:01.965422Z,0.3346138906136012,22.85,240609650.01759866,81026474.98978178,,94.73.61.9
21378,Grupo MasMovil,Madrid,2020-03-27T11:31:02.084102Z,0.3346138906136012,24.892,271250924.43503386,81765412.61030029,,94.73.61.9
21378,Grupo MasMovil,Madrid,2020-03-27T11:32:02.304874Z,0.3346138906136012,25.177,233784806.0226353,78935524.35784112,,94.73.61.9
21378,Grupo MasMovil,Madrid,2020-03-27T11:33:01.319225Z,0.3346138906136012,25.097,209996559.2752668,96237970.7929803,,94.73.61.9
21378,Grupo MasMovil,Madrid,2020-03-27T11:34:01.354018Z,0.3346138906136012,23.601,282836188.6243169,49759202.031820945,,94.73.61.9
21378,Grupo MasMovil,Madrid,2020-03-27T11:35:01.593473Z,0.3346138906136012,42.146,290893814.5120259,70050351.72588101,,94.73.61.9
21378,Grupo MasMovil,Madrid,2020-03-27T11:36:02.032878Z,0.3346138906136012,23.778,267947221.7468535,75430226.01052849,,94.73.61.9
21378,Grupo MasMovil,Madrid,2020-03-27T11:37:01.361450Z,0.3346138906136012,22.167,279093059.22531056,74955073.38875952,,94.73.61.9
21378,Grupo MasMovil,Madrid,2020-03-27T11:38:01.521498Z,0.3346138906136012,24.73,269969472.0639646,83284399.70622432,,94.73.61.9
21378,Grupo MasMovil,Madrid,2020-03-27T11:39:02.309682Z,0.3346138906136012,25.51,241220700.10726273,92893772.05884983,,94.73.61.9
21378,Grupo MasMovil,Madrid,2020-03-27T11:40:02.139601Z,0.3346138906136012,22.996,220753500.88864863,77357091.53051701,,94.73.61.9
21378,Grupo MasMovil,Madrid,2020-03-27T11:41:02.451755Z,0.3346138906136012,83.918,275750501.67426544,68960514.16144864,,94.73.61.9
21378,Grupo MasMovil,Madrid,2020-03-27T11:42:01.589287Z,0.3346138906136012,26.575,228238103.29336497,71369920.55122013,,94.73.61.9
21378,Grupo MasMovil,Madrid,2020-03-27T11:43:01.790519Z,0.3346138906136012,22.835,289158063.52480197,99464586.84316093,,94.73.61.9
21378,Grupo MasMovil,Madrid,2020-03-27T11:44:02.208539Z,0.3346138906136012,27.91,184450723.91402587,96153739.19812916,,94.73.61.9
21378,Grupo MasMovil,Madrid,2020-03-27T11:45:01.519277Z,0.3346138906136012,25.777,277297989.026457,96168426.90665756,,94.73.61.9
21378,Grupo MasMovil,Madrid,2020-03-27T11:46:01.546313Z,0.3346138906136012,27.005,216608961.64916307,90878420.72286336,,94.73.61.9
21378,Grupo MasMovil,Madrid,2020-03-27T11:47:01.541439Z,0.3346138906136012,22.009,183218649.61567464,89473157.3515783,,94.73.61.9
21378,Grupo MasMovil,Madrid,2020-03-27T11:48:01.657464Z,0.3346138906136012,24.159,268659587.9230213,71595229.14257343,,94.73.61.9
21378,Grupo MasMovil,Madrid,2020-03-27T11:49:01.851120Z,0.3346138906136012,21.349,234700609.71590257,73780348.0413165,,94.73.61.9
21378,Grupo MasMovil,Madrid,2020-03-27T11:50:01.952920Z,0.3346138906136012,21.825,286163066.28920627,66867308.564169824,,94.73.61.9
21378,Grupo MasMovil,Madrid,2020-03-27T11:51:01.910478Z,0.3346138906136012,23.821,285553298.7191063,68597179.54166771,,94.73.61.9
21378,Grupo MasMovil,Madrid,2020-03-27T11:52:02.210400Z,0.3346138906136012,24.965,279975458.056874,66940033.346832775,,94.73.61.9
21378,Grupo MasMovil,Madrid,2020-03-27T11:53:02.185891Z,0.3346138906136012,23.356,219006371.41550502,57798369.288530976,,94.73.61.9
21378,Grupo MasMovil,Madrid,2020-03-27T11:54:02.195804Z,0.3346138906136012,22.808,175749482.43092707,95268666.53028202,,94.73.61.9
21378,Grupo MasMovil,Madrid,2020-03-27T11:55:02.132371Z,0.3346138906136012,26.167,225505952.73293602,60937280.61392182,,94.73.61.9
21378,Grupo MasMovil,Madrid,2020-03-27T11:56:02.389233Z,0.3346138906136012,26.651,246935802.48041826,83261790.2790538,,94.73.61.9
21378,Grupo MasMovil,Madrid,2020-03-27T11:57:01.361512Z,0.3346138906136012,24.017,234081654.51728147,89548424.42581195,,94.73.61.9
21378,Grupo MasMovil,Madrid,2020-03-27T11:58:02.297706Z,0.3346138906136012,23.17,250890037.26392108,64271892.674507484,,94.73.61.9
21378,Grupo MasMovil,Madrid,2020-03-27T11:59:01.308958Z,0.3346138906136012,22.164,281899388.0967942,76665717.4530472,,94.73.61.9
21378,Grupo MasMovil,Madrid,2020-03-27T13:00:02.774264Z,0.3346138906136012,28.41,210320249.01125887,50712159.11707703,,94.73.61.9
21378,Grupo MasMovil,Madrid,2020-03-27T13:01:01.841307Z,0.3346138906136012,23.759,227691258.38501108,53207352.75291491,,94.73.61.9
21378,Grupo MasMovil,Madrid,2020-03-27T13:02:01.886258Z,0.3346138906136012,39.968,5768162.327334832,45743487.079433374,,94.73.61.9
21378,Grupo MasMovil,Madrid,2020-03-27T13:03:01.637065Z,0.3346138906136012,44.587,265579292.11813432,10446647.538358662,,94.73.61.9
21378,Grupo MasMovil,Madrid,2020-03-27T13:04:06.874715Z,0.3346138906136012,90.333,216068021.3319509,65521570.56876692,,94.73.61.9
21378,Grupo MasMovil,Madrid,2020-03-27T13:05:01.876050Z,0.3346138906136012,914.308,230865673.52073666,92382426.3138995,,94.73.61.9
21378,Grupo MasMovil,Madrid,2020-03-27T13:06:02.529626Z,0.3346138906136012,29.718,190779342.6974219,48083222.996250086,,94.73.61.9
21378,Grupo MasMovil,Madrid,2020-03-27T13:07:01.423414Z,0.3346138906136012,37.413,208120964.2344895,65689915.433486395,,94.73.61.9
21378,Grupo MasMovil,Madrid,2020-03-27T13:08:02.025437Z,0.3346138906136012,22.179,278201434.7680295,78503831.8070181,,94.73.61.9
21378,Grupo MasMovil,Madrid,2020-03-27T13:09:01.449852Z,0.3346138906136012,34.167,274031353.3752337,71622773.88356224,,94.73.61.9
21378,Grupo MasMovil,Madrid,2020-03-27T13:10:01.794619Z,0.3346138906136012,30.612,266759970.64118978,85329925.96245696,,94.73.61.9
21378,Grupo MasMovil,Madrid,2020-03-27T13:11:02.555614Z,0.3346138906136012,77.488,272306339.7355498,74469318.05789347,,94.73.61.9
21378,Grupo MasMovil,Madrid,2020-03-27T13:12:06.884513Z,0.3346138906136012,30.191,274547200.6651038,79991863.58682998,,94.73.61.9
21378,Grupo MasMovil,Madrid,2020-03-27T13:13:02.390244Z,0.3346138906136012,211.5,255166425.45342645,70437060.033453,,94.73.61.9
21378,Grupo MasMovil,Madrid,2020-03-27T13:14:02.164697Z,0.3346138906136012,30.139,250940757.40933713,58401687.35498235,,94.73.61.9
21378,Grupo MasMovil,Madrid,2020-03-27T13:15:02.343416Z,0.3346138906136012,129.013,204620314.75625798,61734920.988889456,,94.73.61.9
21378,Grupo MasMovil,Madrid,2020-03-27T13:16:02.168443Z,0.3346138906136012,23.268,258109830.62936252,28478190.072697625,,94.73.61.9
21378,Grupo MasMovil,Madrid,2020-03-27T13:17:01.860853Z,0.3346138906136012,21.353,271688169.6813976,73037739.63919817,,94.73.61.9
21378,Grupo MasMovil,Madrid,2020-03-27T13:18:02.054744Z,0.3346138906136012,22.284,265323989.0645269,77657122.57331006,,94.73.61.9
21378,Grupo MasMovil,Madrid,2020-03-27T13:19:02.034296Z,0.3346138906136012,21.75,221689516.6165607,75579097.88753286,,94.73.61.9
21378,Grupo MasMovil,Madrid,2020-03-27T13:20:01.980304Z,0.3346138906136012,22.173,234601582.73574224,75073660.08878788,,94.73.61.9
21378,Grupo MasMovil,Madrid,2020-03-27T13:21:02.149338Z,0.3346138906136012,78.704,280804505.62672675,74778065.47944194,,94.73.61.9
21378,Grupo MasMovil,Madrid,2020-03-27T13:22:02.249620Z,0.3346138906136012,22.058,289917854.50375813,60134070.38960529,,94.73.61.9
21378,Grupo MasMovil,Madrid,2020-03-27T13:23:01.272725Z,0.3346138906136012,21.871,234716884.1501166,96398096.79848443,,94.73.61.9
21378,Grupo MasMovil,Madrid,2020-03-27T13:24:02.330815Z,0.3346138906136012,26.892,191018644.79575855,103582250.31836818,,94.73.61.9
21378,Grupo MasMovil,Madrid,2020-03-27T13:25:01.315719Z,0.3346138906136012,28.3,284552443.1413555,92971353.01624045,,94.73.61.9
21378,Grupo MasMovil,Madrid,2020-03-27T13:26:01.277874Z,0.3346138906136012,26.996,288564564.06259316,57983228.24777955,,94.73.61.9
21378,Grupo MasMovil,Madrid,2020-03-27T13:27:01.353268Z,0.3346138906136012,22.016,273208272.9522081,64520152.08454023,,94.73.61.9
21378,Grupo MasMovil,Madrid,2020-03-27T13:28:01.811151Z,0.3346138906136012,45.899,284395504.1619729,109049622.52219836,,94.73.61.9
21378,Grupo MasMovil,Madrid,2020-03-27T13:29:02.114146Z,0.3346138906136012,24.57,265899321.85376167,96636174.87198657,,94.73.61.9
21378,Grupo MasMovil,Madrid,2020-03-27T13:30:02.359990Z,0.3346138906136012,24.046,287439975.3528133,60686001.77713077,,94.73.61.9
21378,Grupo MasMovil,Madrid,2020-03-27T13:31:01.341074Z,0.3346138906136012,22.191,286071785.0931466,75597765.40990612,,94.73.61.9
21378,Grupo MasMovil,Madrid,2020-03-27T13:32:01.685556Z,0.3346138906136012,23.253,293888406.1738114,108690348.40540086,,94.73.61.9
21378,Grupo MasMovil,Madrid,2020-03-27T13:33:01.967031Z,0.3346138906136012,52.904,248251116.24964228,85946039.68809147,,94.73.61.9
21378,Grupo MasMovil,Madrid,2020-03-27T13:34:01.929077Z,0.3346138906136012,22.29,269673368.0352634,76372861.16364296,,94.73.61.9
21378,Grupo MasMovil,Madrid,2020-03-27T13:35:02.085382Z,0.3346138906136012,25.351,236506084.8376407,70827738.44230233,,94.73.61.9
21378,Grupo MasMovil,Madrid,2020-03-27T13:36:02.210310Z,0.3346138906136012,23.002,250451780.76151216,99921725.14028743,,94.73.61.9
21378,Grupo MasMovil,Madrid,2020-03-27T13:37:01.366390Z,0.3346138906136012,22.605,223351223.23323262,69550779.84697427,,94.73.61.9
21378,Grupo MasMovil,Madrid,2020-03-27T13:38:01.560484Z,0.3346138906136012,82.654,243784822.46706197,89002452.40827562,,94.73.61.9
21378,Grupo MasMovil,Madrid,2020-03-27T13:39:01.979756Z,0.3346138906136012,21.941,281593925.4992955,94140301.50189388,,94.73.61.9
21378,Grupo MasMovil,Madrid,2020-03-27T13:40:01.937858Z,0.3346138906136012,22.753,185844690.3222213,97271985.39569712,,94.73.61.9
21378,Grupo MasMovil,Madrid,2020-03-27T13:41:02.071871Z,0.3346138906136012,21.447,288617663.12630635,78391081.99922265,,94.73.61.9
21378,Grupo MasMovil,Madrid,2020-03-27T13:42:02.177563Z,0.3346138906136012,24.018,264623251.2289902,90200458.47109236,,94.73.61.9
21378,Grupo MasMovil,Madrid,2020-03-27T13:43:02.187913Z,0.3346138906136012,24.459,293976130.118202,90598862.26675756,,94.73.61.9
21378,Grupo MasMovil,Madrid,2020-03-27T13:44:02.178553Z,0.3346138906136012,20.179,286391829.1899382,100160197.77459349,,94.73.61.9
21378,Grupo MasMovil,Madrid,2020-03-27T13:45:02.280844Z,0.3346138906136012,22.791,251789055.65172487,75859305.1352378,,94.73.61.9
21378,Grupo MasMovil,Madrid,2020-03-27T13:46:01.339498Z,0.3346138906136012,26.732,235633186.41655368,78263650.4619948,,94.73.61.9
21378,Grupo MasMovil,Madrid,2020-03-27T13:47:01.395793Z,0.3346138906136012,25.116,242059437.36230427,71926079.59589244,,94.73.61.9
21378,Grupo MasMovil,Madrid,2020-03-27T13:48:01.389903Z,0.3346138906136012,26.989,186638243.50710675,100304812.88769078,,94.73.61.9
21378,Grupo MasMovil,Madrid,2020-03-27T13:49:01.319994Z,0.3346138906136012,23.72,287886905.38909215,71021335.32089745,,94.73.61.9
21378,Grupo MasMovil,Madrid,2020-03-27T13:50:01.450287Z,0.3346138906136012,27.421,229386285.48160285,93457343.76805757,,94.73.61.9
21378,Grupo MasMovil,Madrid,2020-03-27T13:51:01.468949Z,0.3346138906136012,22.593,278736818.7232378,79979054.29474491,,94.73.61.9
21378,Grupo MasMovil,Madrid,2020-03-27T13:52:01.428836Z,0.3346138906136012,22.816,216215869.15651077,73851666.73916724,,94.73.61.9
21378,Grupo MasMovil,Madrid,2020-03-27T13:53:01.424789Z,0.3346138906136012,24.763,238050900.22276008,97423832.36012685,,94.73.61.9
21378,Grupo MasMovil,Madrid,2020-03-27T13:54:01.455575Z,0.3346138906136012,22.868,268100080.40055603,72237399.08283544,,94.73.61.9
21378,Grupo MasMovil,Madrid,2020-03-27T13:55:01.519189Z,0.3346138906136012,22.311,240221193.5813913,101258231.85125159,,94.73.61.9
21378,Grupo MasMovil,Madrid,2020-03-27T13:56:01.774596Z,0.3346138906136012,55.214,266091258.09372813,97293222.85735397,,94.73.61.9
21378,Grupo MasMovil,Madrid,2020-03-27T13:57:01.554134Z,0.3346138906136012,22.679,284756752.2433071,93311310.89366628,,94.73.61.9
21378,Grupo MasMovil,Madrid,2020-03-27T13:58:01.534822Z,0.3346138906136012,23.734,282620157.2060372,86676246.85249703,,94.73.61.9
21378,Grupo MasMovil,Madrid,2020-03-27T13:59:01.567768Z,0.3346138906136012,84.572,267811394.9872216,84529534.19993187,,94.73.61.9
21378,Grupo MasMovil,Madrid,2020-03-27T15:00:02.994103Z,0.3346138906136012,24.957,233092139.9499375,94180291.76004775,,94.73.61.9
21378,Grupo MasMovil,Madrid,2020-03-27T15:01:02.098801Z,0.3346138906136012,24.916,261052687.6921599,84761569.09379643,,94.73.61.9
21378,Grupo MasMovil,Madrid,2020-03-27T15:02:02.055432Z,0.3346138906136012,24.688,268037973.64293563,103959665.51310682,,94.73.61.9
21378,Grupo MasMovil,Madrid,2020-03-27T15:03:02.022158Z,0.3346138906136012,27.18,249314554.18430412,86528570.62901689,,94.73.61.9
21378,Grupo MasMovil,Madrid,2020-03-27T15:04:01.376938Z,0.3346138906136012,72.651,280403409.8591703,109247771.1691383,,94.73.61.9
21378,Grupo MasMovil,Madrid,2020-03-27T15:05:01.573057Z,0.3346138906136012,24.994,285478243.78412783,77606685.34110041,,94.73.61.9
21378,Grupo MasMovil,Madrid,2020-03-27T15:06:01.479105Z,0.3346138906136012,41.101,285373735.0920445,104438418.93765716,,94.73.61.9
21378,Grupo MasMovil,Madrid,2020-03-27T15:07:01.572682Z,0.3346138906136012,23.057,293815630.72419554,109246058.44746235,,94.73.61.9
21378,Grupo MasMovil,Madrid,2020-03-27T15:08:01.535595Z,0.3346138906136012,22.142,291794708.4822335,104043793.63080339,,94.73.61.9
21378,Grupo MasMovil,Madrid,2020-03-27T15:09:01.465406Z,0.3346138906136012,25.68,288722040.13838744,92383740.55891478,,94.73.61.9
21378,Grupo MasMovil,Madrid,2020-03-27T15:10:01.498426Z,0.3346138906136012,26.802,288988644.09869915,80883800.5446689,,94.73.61.9
21378,Grupo MasMovil,Madrid,2020-03-27T15:11:01.520047Z,0.3346138906136012,19.583,290269571.7920028,99941554.5497951,,94.73.61.9
21378,Grupo MasMovil,Madrid,2020-03-27T15:12:01.539441Z,0.3346138906136012,26.723,293788962.1836979,90928172.88685662,,94.73.61.9
21378,Grupo MasMovil,Madrid,2020-03-27T15:13:01.543448Z,0.3346138906136012,27.589,283742099.877048,99165671.43641411,,94.73.61.9
21378,Grupo MasMovil,Madrid,2020-03-27T15:14:01.496758Z,0.3346138906136012,21.489,281344940.6254622,78129697.9751005,,94.73.61.9
21378,Grupo MasMovil,Madrid,2020-03-27T15:15:01.403034Z,0.3346138906136012,21.496,281739802.4779888,87668964.80263557,,94.73.61.9
21378,Grupo MasMovil,Madrid,2020-03-27T15:16:01.274210Z,0.3346138906136012,24.121,277837404.4765797,91366155.10436854,,94.73.61.9
21378,Grupo MasMovil,Madrid,2020-03-27T15:17:02.152484Z,0.3346138906136012,27.999,278643407.198297,82739117.33523457,,94.73.61.9
21378,Grupo MasMovil,Madrid,2020-03-27T15:18:02.073387Z,0.3346138906136012,25.203,261564141.30591282,82676048.17780569,,94.73.61.9
21378,Grupo MasMovil,Madrid,2020-03-27T15:19:01.989969Z,0.3346138906136012,28.529,265612973.79789713,80542998.15811418,,94.73.61.9
21378,Grupo MasMovil,Madrid,2020-03-27T15:20:01.917413Z,0.3346138906136012,25.166,260867723.31775054,92118223.43109834,,94.73.61.9
21378,Grupo MasMovil,Madrid,2020-03-27T15:21:01.838069Z,0.3346138906136012,20.69,274051413.98810005,76370470.6284202,,94.73.61.9
21378,Grupo MasMovil,Madrid,2020-03-27T15:22:02.214927Z,0.3346138906136012,23.443,284257384.5824792,91728969.97367808,,94.73.61.9
21378,Grupo MasMovil,Madrid,2020-03-27T15:23:02.148241Z,0.3346138906136012,24.129,277959605.69065815,83535291.18938945,,94.73.61.9
21378,Grupo MasMovil,Madrid,2020-03-27T15:24:02.079045Z,0.3346138906136012,25.83,280355062.07216126,85862022.08001223,,94.73.61.9
21378,Grupo MasMovil,Madrid,2020-03-27T15:25:01.946575Z,0.3346138906136012,32.23,276734268.43798506,85636707.93315075,,94.73.61.9
21378,Grupo MasMovil,Madrid,2020-03-27T15:26:02.020194Z,0.3346138906136012,23.926,286028271.5989157,86887711.82988285,,94.73.61.9
21378,Grupo MasMovil,Madrid,2020-03-27T15:27:01.987855Z,0.3346138906136012,24.976,285121039.1445922,83541686.37309684,,94.73.61.9
21378,Grupo MasMovil,Madrid,2020-03-27T15:28:01.959424Z,0.3346138906136012,25.146,276518990.93143785,85183070.81437273,,94.73.61.9
21378,Grupo MasMovil,Madrid,2020-03-27T15:29:01.904933Z,0.3346138906136012,28.783,278923824.67093396,90359143.12886705,,94.73.61.9
21378,Grupo MasMovil,Madrid,2020-03-27T15:30:01.861237Z,0.3346138906136012,22.199,282689466.0594529,87285427.18688278,,94.73.61.9
21378,Grupo MasMovil,Madrid,2020-03-27T15:31:01.892103Z,0.3346138906136012,28.334,276425414.30968285,76581629.08175172,,94.73.61.9
21378,Grupo MasMovil,Madrid,2020-03-27T15:32:01.921681Z,0.3346138906136012,21.429,269926283.5896391,80179826.28388277,,94.73.61.9
21378,Grupo MasMovil,Madrid,2020-03-27T15:33:01.811148Z,0.3346138906136012,24.46,284870274.37892294,84623426.1836263,,94.73.61.9
21378,Grupo MasMovil,Madrid,2020-03-27T15:34:01.736587Z,0.3346138906136012,24.072,288409802.06303686,88854770.81132454,,94.73.61.9
21378,Grupo MasMovil,Madrid,2020-03-27T15:35:01.671976Z,0.3346138906136012,35.331,286436007.2531433,94708130.42654026,,94.73.61.9
21378,Grupo MasMovil,Madrid,2020-03-27T15:36:01.611835Z,0.3346138906136012,23.072,284875015.3069454,75999967.84470642,,94.73.61.9
21378,Grupo MasMovil,Madrid,2020-03-27T15:37:01.532279Z,0.3346138906136012,21.546,289369969.12761754,90494383.81165291,,94.73.61.9
21378,Grupo MasMovil,Madrid,2020-03-27T15:38:01.460172Z,0.3346138906136012,38.289,284238965.35033214,90560698.75647622,,94.73.61.9
21378,Grupo MasMovil,Madrid,2020-03-27T15:39:01.450097Z,0.3346138906136012,23.399,281968681.8593271,83697076.98955129,,94.73.61.9
21378,Grupo MasMovil,Madrid,2020-03-27T15:40:01.448766Z,0.3346138906136012,23.311,284089430.0144645,83945077.85797991,,94.73.61.9
21378,Grupo MasMovil,Madrid,2020-03-27T15:41:01.506213Z,0.3346138906136012,25.263,282406190.79029906,88997505.2795022,,94.73.61.9
21378,Grupo MasMovil,Madrid,2020-03-27T15:42:01.443280Z,0.3346138906136012,25.721,289966071.2183164,87959030.67858696,,94.73.61.9
21378,Grupo MasMovil,Madrid,2020-03-27T15:43:01.375002Z,0.3346138906136012,26.866,288112327.10950565,88576514.44182426,,94.73.61.9
21378,Grupo MasMovil,Madrid,2020-03-27T15:44:01.336733Z,0.3346138906136012,24.023,289571009.1349876,80430679.18851142,,94.73.61.9
21378,Grupo MasMovil,Madrid,2020-03-27T15:45:02.242034Z,0.3346138906136012,25.306,280075336.505501,81775402.95380276,,94.73.61.9
21378,Grupo MasMovil,Madrid,2020-03-27T15:46:02.115774Z,0.3346138906136012,22.647,290646319.1998878,71093583.97414024,,94.73.61.9
21378,Grupo MasMovil,Madrid,2020-03-27T15:47:02.079224Z,0.3346138906136012,23.648,288244079.567348,80596727.09650092,,94.73.61.9
21378,Grupo MasMovil,Madrid,2020-03-27T15:48:02.002299Z,0.3346138906136012,40.349,286812346.240584,82022959.40801038,,94.73.61.9
21378,Grupo MasMovil,Madrid,2020-03-27T15:49:02.112046Z,0.3346138906136012,24.839,287501244.2172284,71010498.64981781,,94.73.61.9
21378,Grupo MasMovil,Madrid,2020-03-27T15:50:02.112291Z,0.3346138906136012,28.882,278220995.9109225,61529612.658994466,,94.73.61.9
21378,Grupo MasMovil,Madrid,2020-03-27T15:51:01.639224Z,0.3346138906136012,27.93,280757870.042618,73214127.31233521,,94.73.61.9
21378,Grupo MasMovil,Madrid,2020-03-27T15:52:01.579324Z,0.3346138906136012,26.264,263118818.4366215,84006520.91057049,,94.73.61.9
21378,Grupo MasMovil,Madrid,2020-03-27T15:53:01.601505Z,0.3346138906136012,31.619,278060102.38171977,83357980.38765825,,94.73.61.9
21378,Grupo MasMovil,Madrid,2020-03-27T15:54:01.593166Z,0.3346138906136012,25.984,281197258.7555996,102847347.74485141,,94.73.61.9
21378,Grupo MasMovil,Madrid,2020-03-27T15:55:01.570319Z,0.3346138906136012,20.363,279753031.8695158,91413803.79536912,,94.73.61.9
21378,Grupo MasMovil,Madrid,2020-03-27T15:56:01.544768Z,0.3346138906136012,22.485,287921988.4683555,103694800.5129976,,94.73.61.9
21378,Grupo MasMovil,Madrid,2020-03-27T15:57:01.502316Z,0.3346138906136012,19.493,285726230.3666792,109615763.29557319,,94.73.61.9
21378,Grupo MasMovil,Madrid,2020-03-27T15:58:01.574881Z,0.3346138906136012,20.351,289138666.7848844,105573077.39352211,,94.73.61.9
21378,Grupo MasMovil,Madrid,2020-03-27T15:59:01.583028Z,0.3346138906136012,26.279,285911144.8912169,106015677.52570212,,94.73.61.9
21378,Grupo MasMovil,Madrid,2020-03-27T17:00:02.009511Z,0.3346138906136012,20.504,277826018.5377937,136628734.92666563,,94.73.61.9
21378,Grupo MasMovil,Madrid,2020-03-27T17:01:01.811301Z,0.3346138906136012,22.589,279078106.78192717,136442783.93718538,,94.73.61.9
21378,Grupo MasMovil,Madrid,2020-03-27T17:02:01.568082Z,0.3346138906136012,23.943,280038464.23428,133223115.44133155,,94.73.61.9
21378,Grupo MasMovil,Madrid,2020-03-27T17:03:01.546450Z,0.3346138906136012,24.558,285215108.02884823,120817460.39260936,,94.73.61.9
21378,Grupo MasMovil,Madrid,2020-03-27T17:04:01.514075Z,0.3346138906136012,24.137,283365911.11091036,136467302.93720978,,94.73.61.9
21378,Grupo MasMovil,Madrid,2020-03-27T17:05:01.348371Z,0.3346138906136012,25.779,280544696.27374065,120206280.65577756,,94.73.61.9
21378,Grupo MasMovil,Madrid,2020-03-27T17:06:01.307182Z,0.3346138906136012,24.71,287254607.96160096,125534736.9759959,,94.73.61.9
21378,Grupo MasMovil,Madrid,2020-03-27T17:07:01.871808Z,0.3346138906136012,25.367,278699096.54019743,137640244.95261782,,94.73.61.9
21378,Grupo MasMovil,Madrid,2020-03-27T17:08:01.569388Z,0.3346138906136012,24.889,286861853.22219044,122299287.75444713,,94.73.61.9
21378,Grupo MasMovil,Madrid,2020-03-27T17:09:01.424160Z,0.3346138906136012,20.74,282158204.55912405,102403628.87698753,,94.73.61.9
21378,Grupo MasMovil,Madrid,2020-03-27T17:10:01.301946Z,0.3346138906136012,24.232,284802070.1658118,133905817.57067195,,94.73.61.9
21378,Grupo MasMovil,Madrid,2020-03-27T17:11:02.258232Z,0.3346138906136012,21.886,282834911.3205306,137985517.21022114,,94.73.61.9
21378,Grupo MasMovil,Madrid,2020-03-27T17:12:01.926654Z,0.3346138906136012,23.121,287013349.15990555,137063468.62420058,,94.73.61.9
21378,Grupo MasMovil,Madrid,2020-03-27T17:13:01.632532Z,0.3346138906136012,22.892,291927893.2667402,138454892.4668515,,94.73.61.9
21378,Grupo MasMovil,Madrid,2020-03-27T17:14:01.300186Z,0.3346138906136012,22.434,293511309.30801904,140395060.8543369,,94.73.61.9
21378,Grupo MasMovil,Madrid,2020-03-27T17:15:01.766469Z,0.3346138906136012,24.306,293181921.7228424,136918782.1411363,,94.73.61.9
21378,Grupo MasMovil,Madrid,2020-03-27T17:16:01.535606Z,0.3346138906136012,22.766,294196393.3746645,110498401.57224359,,94.73.61.9
21378,Grupo MasMovil,Madrid,2020-03-27T17:17:01.492287Z,0.3346138906136012,22.231,290637791.6050341,120111448.97268952,,94.73.61.9
21378,Grupo MasMovil,Madrid,2020-03-27T17:18:01.528799Z,0.3346138906136012,25.399,289077537.6928968,137838310.3105629,,94.73.61.9
21378,Grupo MasMovil,Madrid,2020-03-27T17:19:01.462707Z,0.3346138906136012,21.229,296287492.9339669,138443435.84651154,,94.73.61.9
21378,Grupo MasMovil,Madrid,2020-03-27T17:20:02.307538Z,0.3346138906136012,20.828,283693371.3378621,117950632.35134158,,94.73.61.9
21378,Grupo MasMovil,Madrid,2020-03-27T17:21:01.372275Z,0.3346138906136012,23.986,286341396.27081126,131971009.36233553,,94.73.61.9
21378,Grupo MasMovil,Madrid,2020-03-27T17:22:01.504409Z,0.3346138906136012,25.955,283836034.8151038,130277391.39261445,,94.73.61.9
21378,Grupo MasMovil,Madrid,2020-03-27T17:23:01.834395Z,0.3346138906136012,21.791,282415982.6445465,119373061.11681482,,94.73.61.9
21378,Grupo MasMovil,Madrid,2020-03-27T17:24:01.890656Z,0.3346138906136012,23.729,284655597.3839378,124930865.27599046,,94.73.61.9
21378,Grupo MasMovil,Madrid,2020-03-27T17:25:01.671618Z,0.3346138906136012,20.008,285922175.12554264,100860520.07391249,,94.73.61.9
21378,Grupo MasMovil,Madrid,2020-03-27T17:26:01.853261Z,0.3346138906136012,23.049,270311698.68628705,120468570.53703886,,94.73.61.9
21378,Grupo MasMovil,Madrid,2020-03-27T17:27:01.942154Z,0.3346138906136012,21.478,282893312.9915667,139665551.5542962,,94.73.61.9
21378,Grupo MasMovil,Madrid,2020-03-27T17:28:01.595895Z,0.3346138906136012,24.42,285210125.08501834,93136075.04649143,,94.73.61.9
21378,Grupo MasMovil,Madrid,2020-03-27T17:29:01.599482Z,0.3346138906136012,49.851,289184813.1304439,143376880.17664003,,94.73.61.9
21378,Grupo MasMovil,Madrid,2020-03-27T17:30:02.256381Z,0.3346138906136012,22.255,280964631.7570717,139712641.88410074,,94.73.61.9
21378,Grupo MasMovil,Madrid,2020-03-27T17:31:02.019776Z,0.3346138906136012,21.547,277331737.5705775,90556057.10971299,,94.73.61.9
21378,Grupo MasMovil,Madrid,2020-03-27T17:32:02.096489Z,0.3346138906136012,23.903,294103076.18865913,89588860.26753004,,94.73.61.9
21378,Grupo MasMovil,Madrid,2020-03-27T17:33:02.237076Z,0.3346138906136012,22.866,285331808.11009467,81495139.54777487,,94.73.61.9
21378,Grupo MasMovil,Madrid,2020-03-27T17:34:01.394852Z,0.3346138906136012,23.11,279815935.66475624,74257016.83430098,,94.73.61.9
21378,Grupo MasMovil,Madrid,2020-03-27T17:35:01.376950Z,0.3346138906136012,23.15,265917649.77258447,77643855.78300633,,94.73.61.9
21378,Grupo MasMovil,Madrid,2020-03-27T17:36:01.379547Z,0.3346138906136012,22.148,278414142.7730902,97225966.44870186,,94.73.61.9
21378,Grupo MasMovil,Madrid,2020-03-27T17:37:01.451948Z,0.3346138906136012,21.89,275476760.85048175,96917333.23404154,,94.73.61.9
21378,Grupo MasMovil,Madrid,2020-03-27T17:38:01.579783Z,0.3346138906136012,22.339,272232002.1117792,100712849.33120099,,94.73.61.9
21378,Grupo MasMovil,Madrid,2020-03-27T17:39:01.692193Z,0.3346138906136012,21.409,259153743.82257897,82154869.20346618,,94.73.61.9
21378,Grupo MasMovil,Madrid,2020-03-27T17:40:01.709530Z,0.3346138906136012,22.002,269987539.57360077,93326916.66073403,,94.73.61.9
21378,Grupo MasMovil,Madrid,2020-03-27T17:41:02.004893Z,0.3346138906136012,22.486,278752027.0081864,98249204.63858381,,94.73.61.9
21378,Grupo MasMovil,Madrid,2020-03-27T17:42:02.180918Z,0.3346138906136012,23.128,270605428.31730443,95740419.4402125,,94.73.61.9
21378,Grupo MasMovil,Madrid,2020-03-27T17:43:01.429116Z,0.3346138906136012,22.383,272430577.80212265,82863810.49026416,,94.73.61.9
21378,Grupo MasMovil,Madrid,2020-03-27T17:44:01.578493Z,0.3346138906136012,21.261,271367600.6847978,78409786.14631145,,94.73.61.9
21378,Grupo MasMovil,Madrid,2020-03-27T17:45:01.603779Z,0.3346138906136012,24.594,279765982.7604274,85429894.48679338,,94.73.61.9
21378,Grupo MasMovil,Madrid,2020-03-27T17:46:01.742602Z,0.3346138906136012,23.711,277230765.30079246,114678511.2434555,,94.73.61.9
21378,Grupo MasMovil,Madrid,2020-03-27T17:47:01.908229Z,0.3346138906136012,24.256,287938268.62994754,77586448.70055555,,94.73.61.9
21378,Grupo MasMovil,Madrid,2020-03-27T17:48:02.073395Z,0.3346138906136012,20.468,283179310.170924,87385168.54079686,,94.73.61.9
21378,Grupo MasMovil,Madrid,2020-03-27T17:49:02.270083Z,0.3346138906136012,23.777,276636920.2581569,94676120.87964348,,94.73.61.9
21378,Grupo MasMovil,Madrid,2020-03-27T17:50:01.439165Z,0.3346138906136012,20.391,268770567.8098188,77764714.96552704,,94.73.61.9
21378,Grupo MasMovil,Madrid,2020-03-27T17:51:01.462942Z,0.3346138906136012,22.569,275051180.047658,80013080.76192501,,94.73.61.9
21378,Grupo MasMovil,Madrid,2020-03-27T17:52:01.537646Z,0.3346138906136012,22.448,280229814.3771321,107603128.2218761,,94.73.61.9
21378,Grupo MasMovil,Madrid,2020-03-27T17:53:01.608394Z,0.3346138906136012,21.75,270368711.505172,90629191.65333834,,94.73.61.9
21378,Grupo MasMovil,Madrid,2020-03-27T17:54:01.593622Z,0.3346138906136012,19.704,284585434.9325,92797408.06742588,,94.73.61.9
21378,Grupo MasMovil,Madrid,2020-03-27T17:55:01.744493Z,0.3346138906136012,22.259,275260292.0969684,94214787.43307634,,94.73.61.9
21378,Grupo MasMovil,Madrid,2020-03-27T17:56:01.873598Z,0.3346138906136012,21.676,277635401.52708423,83701407.5205682,,94.73.61.9
21378,Grupo MasMovil,Madrid,2020-03-27T17:57:01.870747Z,0.3346138906136012,23.262,275263507.8721647,88138490.1568932,,94.73.61.9
21378,Grupo MasMovil,Madrid,2020-03-27T17:58:01.930456Z,0.3346138906136012,21.867,276524124.18634415,75483468.33945397,,94.73.61.9
21378,Grupo MasMovil,Madrid,2020-03-27T17:59:02.134683Z,0.3346138906136012,23.24,273406521.6243944,93956252.61651519,,94.73.61.9
21378,Grupo MasMovil,Madrid,2020-03-27T19:00:01.401034Z,0.3346138906136012,33.077,280105027.9657802,95398613.88216534,,94.73.61.9
21378,Grupo MasMovil,Madrid,2020-03-27T19:30:02.460910Z,0.3346138906136012,22.266,265253959.65463108,104775418.6344206,,94.73.61.9
21378,Grupo MasMovil,Madrid,2020-03-27T20:00:01.582417Z,0.3346138906136012,22.78,284631025.8160406,91900108.00635006,,94.73.61.9
21378,Grupo MasMovil,Madrid,2020-03-27T20:30:01.941394Z,0.3346138906136012,24.174,290471813.5309983,106878632.67597796,,94.73.61.9
21378,Grupo MasMovil,Madrid,2020-03-27T21:00:02.063710Z,0.3346138906136012,25.586,276976212.13525885,97495748.70610075,,94.73.61.9
21378,Grupo MasMovil,Madrid,2020-03-28T10:00:02.921213Z,0.3346138906136012,7.564,279334094.080379,116005806.81734386,,94.73.61.9
21378,Grupo MasMovil,Madrid,2020-03-28T10:30:01.646756Z,0.3346138906136012,7.025,295255582.1735168,120687853.44605911,,94.73.61.9
21378,Grupo MasMovil,Madrid,2020-03-28T11:00:01.274977Z,0.3346138906136012,9.318,293913046.5743426,99430238.21110064,,94.73.61.9
21378,Grupo MasMovil,Madrid,2020-03-28T11:30:02.913921Z,0.3346138906136012,10.773,276839596.1533819,113684736.93288192,,94.73.61.9
21378,Grupo MasMovil,Madrid,2020-03-28T12:00:01.731935Z,0.3346138906136012,10.533,292256332.59290254,117689656.72701198,,94.73.61.9
21378,Grupo MasMovil,Madrid,2020-03-28T12:30:01.443948Z,0.3346138906136012,9.764,286846058.5947344,121166524.67416576,,94.73.61.9
21378,Grupo MasMovil,Madrid,2020-03-28T12:40:02.114845Z,0.3346138906136012,9.562,294521992.2976582,105977003.76567295,,94.73.61.9
21378,Grupo MasMovil,Madrid,2020-03-28T13:00:03.163444Z,0.3346138906136012,13.606,277031806.01874125,117067726.71339548,,94.73.61.9
21378,Grupo MasMovil,Madrid,2020-03-28T13:20:02.008510Z,0.3346138906136012,9.64,295005015.6955906,159166903.2848206,,94.73.61.9
21378,Grupo MasMovil,Madrid,2020-03-28T13:40:01.354559Z,0.3346138906136012,10.123,293885328.1680279,117994930.00733073,,94.73.61.9
21378,Grupo MasMovil,Madrid,2020-03-28T14:00:02.036427Z,0.3346138906136012,16.028,290323187.1385699,117810340.90200683,,94.73.61.9
21378,Grupo MasMovil,Madrid,2020-03-28T14:20:01.980654Z,0.3346138906136012,7.148,294244128.8972776,121163794.72262925,,94.73.61.9
21378,Grupo MasMovil,Madrid,2020-03-28T14:40:01.726722Z,0.3346138906136012,10.043,296659282.4111357,149806430.21712935,,94.73.61.9
21378,Grupo MasMovil,Madrid,2020-03-28T15:00:04.086914Z,0.3346138906136012,10.017,290453686.85753006,141730041.3145011,,94.73.61.9
21378,Grupo MasMovil,Madrid,2020-03-28T15:20:01.365876Z,0.3346138906136012,7.448,291113242.0146751,128184792.60747284,,94.73.61.9
21378,Grupo MasMovil,Madrid,2020-03-28T15:40:01.672287Z,0.3346138906136012,10.749,211419881.53119603,113508534.9200896,,94.73.61.9
21378,Grupo MasMovil,Madrid,2020-03-28T16:00:01.854840Z,0.3346138906136012,9.908,285295115.9156972,108551372.01191397,,94.73.61.9
21378,Grupo MasMovil,Madrid,2020-03-28T16:20:01.745883Z,0.3346138906136012,9.731,282354096.808821,104329375.97288422,,94.73.61.9
21378,Grupo MasMovil,Madrid,2020-03-28T16:40:01.783359Z,0.3346138906136012,9.276,274244568.8884049,117551379.36082539,,94.73.61.9
21378,Grupo MasMovil,Madrid,2020-03-28T17:00:09.071118Z,0.3346138906136012,10.417,283024651.0412459,103350947.84351999,,94.73.61.9
21378,Grupo MasMovil,Madrid,2020-03-28T17:20:01.974469Z,0.3346138906136012,12.082,286900671.8856965,101078121.99577728,,94.73.61.9
21378,Grupo MasMovil,Madrid,2020-03-28T17:40:01.735227Z,0.3346138906136012,13.561,260462220.4470739,97604818.45416684,,94.73.61.9
21378,Grupo MasMovil,Madrid,2020-03-28T18:00:01.591013Z,0.3346138906136012,11.184,283711053.09897,102257742.80019122,,94.73.61.9
21378,Grupo MasMovil,Madrid,2020-03-28T18:20:01.397876Z,0.3346138906136012,11.996,286155947.2261244,121794984.59575464,,94.73.61.9
21378,Grupo MasMovil,Madrid,2020-03-28T18:40:02.106415Z,0.3346138906136012,11.07,291315641.5906458,133818757.03492534,,94.73.61.9
21378,Grupo MasMovil,Madrid,2020-03-28T19:00:01.892350Z,0.3346138906136012,11.011,285961810.4117136,119587187.31400181,,94.73.61.9
21378,Grupo MasMovil,Madrid,2020-03-28T19:20:02.525601Z,0.3346138906136012,7.052,9910887.18681212,123538664.86228403,,94.73.61.9
21378,Grupo MasMovil,Madrid,2020-03-28T19:40:01.359506Z,0.3346138906136012,7.394,282129330.6807794,133107868.10336548,,94.73.61.9
21378,Grupo MasMovil,Madrid,2020-03-28T20:00:02.074256Z,0.3346138906136012,7.232,284792901.4991494,119322810.88346514,,94.73.61.9
21378,Grupo MasMovil,Madrid,2020-03-28T20:20:01.704009Z,0.3346138906136012,7.345,287902449.2927132,125500813.26406138,,94.73.61.9
21378,Grupo MasMovil,Madrid,2020-03-28T20:40:01.998326Z,0.3346138906136012,11.097,199755694.63056916,113428987.76116022,,94.73.61.9
21378,Grupo MasMovil,Madrid,2020-03-28T21:20:01.877123Z,0.3346138906136012,10.652,294793165.2144454,121053357.47939654,,94.73.61.9
21378,Grupo MasMovil,Madrid,2020-03-28T21:40:01.642905Z,0.3346138906136012,13.947,293286284.3333277,102968370.69907956,,94.73.61.9
21378,Grupo MasMovil,Madrid,2020-03-28T22:00:01.370359Z,0.3346138906136012,11.757,286895118.46910703,122417459.58431157,,94.73.61.9
21378,Grupo MasMovil,Madrid,2020-03-28T22:20:02.115539Z,0.3346138906136012,11.489,291149565.5262153,139504214.62153164,,94.73.61.9
21378,Grupo MasMovil,Madrid,2020-03-28T22:40:01.488455Z,0.3346138906136012,10.519,285356222.4510348,126717534.52109677,,94.73.61.9
21378,Grupo MasMovil,Madrid,2020-03-28T23:00:01.714007Z,0.3346138906136012,9.738,58053281.643070415,131193444.48636208,,94.73.61.9
21378,Grupo MasMovil,Madrid,2020-03-28T23:20:01.360238Z,0.3346138906136012,10.842,232903505.74628958,138896707.97006932,,94.73.61.9
21378,Grupo MasMovil,Madrid,2020-03-28T23:40:01.945178Z,0.3346138906136012,10.009,148907003.42321438,130552602.63946857,,94.73.61.9
21378,Grupo MasMovil,Madrid,2020-03-29T00:00:01.892080Z,0.3346138906136012,11.226,202048433.2773223,137019569.74954695,,94.73.61.9
21378,Grupo MasMovil,Madrid,2020-03-29T00:20:01.475670Z,0.3346138906136012,9.77,252335047.43183556,140184514.26878214,,94.73.61.9
21378,Grupo MasMovil,Madrid,2020-03-29T00:40:01.840499Z,0.3346138906136012,11.23,212590917.90789753,140831263.2191808,,94.73.61.9
21378,Grupo MasMovil,Madrid,2020-03-29T01:00:07.241039Z,0.3346138906136012,10.424,221143636.04330245,129794726.3917993,,94.73.61.9
21378,Grupo MasMovil,Madrid,2020-03-29T01:20:01.328994Z,0.3346138906136012,10.066,244646929.98573616,148908163.62859595,,94.73.61.9
21378,Grupo MasMovil,Madrid,2020-03-29T01:40:02.237930Z,0.3346138906136012,9.79,242864955.82270494,131138821.82346602,,94.73.61.9
21378,Grupo MasMovil,Madrid,2020-03-29T02:00:02.132796Z,0.3346138906136012,9.79,162585486.04097888,126782973.00029707,,94.73.61.9
21378,Grupo MasMovil,Madrid,2020-03-29T02:20:06.474928Z,0.3346138906136012,9.634,148312989.7806464,132455971.38751237,,94.73.61.9
21378,Grupo MasMovil,Madrid,2020-03-29T02:40:01.333942Z,0.3346138906136012,12.297,174776943.53203577,149538507.41914335,,94.73.61.9
21378,Grupo MasMovil,Madrid,2020-03-29T03:00:02.123236Z,0.3346138906136012,9.511,217502601.51845962,125723401.16702801,,94.73.61.9
21378,Grupo MasMovil,Madrid,2020-03-29T03:20:01.481090Z,0.3346138906136012,9.507,214544231.98497853,137454910.64487875,,94.73.61.9
21378,Grupo MasMovil,Madrid,2020-03-29T03:40:06.985660Z,0.3346138906136012,13.021,209458418.45093724,137418745.55271783,,94.73.61.9
21378,Grupo MasMovil,Madrid,2020-03-29T04:00:01.610490Z,0.3346138906136012,12.132,196400791.73402786,134249571.75310704,,94.73.61.9
21378,Grupo MasMovil,Madrid,2020-03-29T04:20:01.353362Z,0.3346138906136012,10.193,209641767.02196544,137599678.95521832,,94.73.61.9
21378,Grupo MasMovil,Madrid,2020-03-29T04:40:01.868706Z,0.3346138906136012,11.959,155117650.58358234,145805402.0315518,,94.73.61.9
21378,Grupo MasMovil,Madrid,2020-03-29T05:00:01.988621Z,0.3346138906136012,9.209,217551906.0715389,139756491.7128569,,94.73.61.9
21378,Grupo MasMovil,Madrid,2020-03-29T05:20:01.354117Z,0.3346138906136012,10.844,254990456.56692985,141726449.03369236,,94.73.61.9
21378,Grupo MasMovil,Madrid,2020-03-29T05:40:01.649990Z,0.3346138906136012,10.026,297992398.44601977,153200094.14076942,,94.73.61.9
21378,Grupo MasMovil,Madrid,2020-03-29T06:00:01.254197Z,0.3346138906136012,10.036,299501933.89493126,126329131.0154021,,94.73.61.9
21378,Grupo MasMovil,Madrid,2020-03-29T06:20:01.583348Z,0.3346138906136012,9.854,298092202.2101479,143650488.16816536,,94.73.61.9
21378,Grupo MasMovil,Madrid,2020-03-29T06:40:01.642919Z,0.3346138906136012,9.836,295594283.96491843,132913124.83587353,,94.73.61.9
21378,Grupo MasMovil,Madrid,2020-03-29T07:00:01.690047Z,0.3346138906136012,9.794,298981558.9755056,155248072.22171238,,94.73.61.9
21378,Grupo MasMovil,Madrid,2020-03-29T07:20:02.237487Z,0.3346138906136012,9.747,293445707.14573145,128512063.93537128,,94.73.61.9
21378,Grupo MasMovil,Madrid,2020-03-29T07:30:01.346610Z,0.3346138906136012,9.295,299073504.6225968,117920883.70523529,,94.73.61.9
21378,Grupo MasMovil,Madrid,2020-03-29T07:28:44.442542Z,0.3346138906136012,6.355,297875660.2820993,116712645.59043813,,94.73.61.9
21378,Grupo MasMovil,Madrid,2020-03-29T07:58:18.920105Z,0.3346138906136012,9.433,291702157.7390176,122695414.18635772,,94.73.61.9
21378,Grupo MasMovil,Madrid,2020-03-29T08:00:01.400115Z,0.3346138906136012,9.633,288979102.98511684,106925807.1006667,,94.73.61.9
21378,Grupo MasMovil,Madrid,2020-03-29T08:10:01.878999Z,0.3346138906136012,7.269,207207900.98613048,86239979.22029322,,94.73.61.9
21378,Grupo MasMovil,Madrid,2020-03-29T08:30:02.193114Z,0.3346138906136012,10.876,177495941.07696804,79750553.29596874,,94.73.61.9
21378,Grupo MasMovil,Madrid,2020-03-29T09:00:01.966079Z,0.3346138906136012,10.086,160148494.491375,81692595.32360101,,94.73.61.9
21378,Grupo MasMovil,Madrid,2020-03-29T09:30:01.868166Z,0.3346138906136012,9.321,182354076.3071938,83404273.05539864,,94.73.61.9
21378,Grupo MasMovil,Madrid,2020-03-29T10:00:01.634804Z,0.3346138906136012,9.697,167869044.6979515,80651646.99442735,,94.73.61.9
21378,Grupo MasMovil,Madrid,2020-03-29T10:30:01.418571Z,0.3346138906136012,10.501,74577494.05983664,74099310.40245445,,94.73.61.9
21378,Grupo MasMovil,Madrid,2020-03-29T11:30:01.259090Z,0.3346138906136012,7.894,219020045.9607514,80480488.75441082,,94.73.61.9
21378,Grupo MasMovil,Madrid,2020-03-29T12:00:01.967608Z,0.3346138906136012,9.964,195231723.61109662,71903674.95903064,,94.73.61.9
21378,Grupo MasMovil,Madrid,2020-03-29T12:30:01.797608Z,0.3346138906136012,10.962,181850425.36483896,77732532.52940805,,94.73.61.9
21378,Grupo MasMovil,Madrid,2020-03-29T12:51:01.495727Z,0.3346138906136012,7.137,195865951.0918851,80599811.47510211,,94.73.61.9
21378,Grupo MasMovil,Madrid,2020-03-29T12:52:02.176388Z,0.3346138906136012,6.648,206212700.71831042,74624155.49121584,,94.73.61.9
21378,Grupo MasMovil,Madrid,2020-03-29T12:53:01.844841Z,0.3346138906136012,6.629,199318564.82179424,88361054.8309144,,94.73.61.9
21378,Grupo MasMovil,Madrid,2020-03-29T12:54:01.535817Z,0.3346138906136012,6.881,209882012.07666004,86054698.39978357,,94.73.61.9
21378,Grupo MasMovil,Madrid,2020-03-29T12:55:01.250046Z,0.3346138906136012,6.215,176090068.72230113,83117905.14928105,,94.73.61.9
21378,Grupo MasMovil,Madrid,2020-03-29T12:56:02.033286Z,0.3346138906136012,6.491,200957665.57865027,77194844.409613,,94.73.61.9
21378,Grupo MasMovil,Madrid,2020-03-29T12:57:01.726497Z,0.3346138906136012,7.408,204770461.94586527,85858816.6661288,,94.73.61.9
21378,Grupo MasMovil,Madrid,2020-03-29T13:00:01.407745Z,0.3346138906136012,9.78,186974532.59487337,80368796.28709294,,94.73.61.9
21378,Grupo MasMovil,Madrid,2020-03-29T13:20:02.130254Z,0.3346138906136012,12.566,96176475.70855618,69440669.36000578,,94.73.61.9
21378,Grupo MasMovil,Madrid,2020-03-29T13:40:01.290062Z,0.3346138906136012,9.606,213038421.1974446,79730233.03444386,,94.73.61.9
21378,Grupo MasMovil,Madrid,2020-03-29T14:20:01.417428Z,0.3346138906136012,10.307,204220988.57963112,78940067.54329617,,94.73.61.9
21378,Grupo MasMovil,Madrid,2020-03-29T14:40:02.211382Z,0.3346138906136012,9.708,178344512.39501384,77447620.66972563,,94.73.61.9
21378,Grupo MasMovil,Madrid,2020-03-29T15:00:02.055240Z,0.3346138906136012,9.612,192110810.9460179,83925056.45036003,,94.73.61.9
21378,Grupo MasMovil,Madrid,2020-03-29T15:20:01.811597Z,0.3346138906136012,9.745,201670160.1090925,79478207.35479145,,94.73.61.9
21378,Grupo MasMovil,Madrid,2020-03-29T15:40:01.478431Z,0.3346138906136012,11.282,200967998.00988373,81497524.1397463,,94.73.61.9
21378,Grupo MasMovil,Madrid,2020-03-29T16:00:02.208371Z,0.3346138906136012,9.787,203108758.32808936,73356660.49099776,,94.73.61.9
21378,Grupo MasMovil,Madrid,2020-03-29T16:20:01.933549Z,0.3346138906136012,9.764,162960475.41933236,73333499.03294182,,94.73.61.9
21378,Grupo MasMovil,Madrid,2020-03-29T16:40:01.680454Z,0.3346138906136012,12.794,14334193.659174135,73589806.40709777,,94.73.61.9
21378,Grupo MasMovil,Madrid,2020-03-29T17:00:01.675231Z,0.3346138906136012,11.944,176059485.67656258,73950157.22971646,,94.73.61.9
21378,Grupo MasMovil,Madrid,2020-03-29T17:20:01.430039Z,0.3346138906136012,9.729,155979141.70713308,74935531.97139108,,94.73.61.9
21378,Grupo MasMovil,Madrid,2020-03-29T17:40:02.181915Z,0.3346138906136012,11.322,23538487.48561178,73918879.84155041,,94.73.61.9
21378,Grupo MasMovil,Madrid,2020-03-29T18:00:06.858374Z,0.3346138906136012,9.324,186645966.59569135,77731236.70033595,,94.73.61.9
21378,Grupo MasMovil,Madrid,2020-03-29T18:20:01.572984Z,0.3346138906136012,11.371,200195939.17087528,74463904.3935943,,94.73.61.9
21378,Grupo MasMovil,Madrid,2020-03-29T18:40:01.301287Z,0.3346138906136012,11.95,160053155.31741592,55379223.847317226,,94.73.61.9
21378,Grupo MasMovil,Madrid,2020-03-29T19:00:02.078270Z,0.3346138906136012,10.588,179512301.35835698,71591230.10566263,,94.73.61.9
21378,Grupo MasMovil,Madrid,2020-03-30T22:44:01.605943Z,0.3346138906136012,11.396,182634443.28567067,102652666.1627636,,94.73.61.9
21378,Grupo MasMovil,Madrid,2020-03-30T22:46:01.267250Z,0.3346138906136012,9.45,125625591.28337397,58344355.52963343,,94.73.61.9
21378,Grupo MasMovil,Madrid,2020-03-30T22:48:01.935428Z,0.3346138906136012,9.276,82201875.44513547,89050839.67469597,,94.73.61.9
21378,Grupo MasMovil,Madrid,2020-03-30T22:50:01.918453Z,0.3346138906136012,9.273,182375396.00985456,85877793.28928946,,94.73.61.9
21378,Grupo MasMovil,Madrid,2020-03-30T22:52:01.575878Z,0.3346138906136012,10.751,92094169.19665751,78967257.01741116,,94.73.61.9
21378,Grupo MasMovil,Madrid,2020-03-30T22:54:01.342470Z,0.3346138906136012,16.61,152365971.70240206,85083574.47538525,,94.73.61.9
21378,Grupo MasMovil,Madrid,2020-03-30T22:56:02.202291Z,0.3346138906136012,17.671,195887073.67808774,82277802.58205698,,94.73.61.9
21378,Grupo MasMovil,Madrid,2020-03-30T22:58:02.135829Z,0.3346138906136012,18.511,194913277.57130653,77462792.65367296,,94.73.61.9
21378,Grupo MasMovil,Madrid,2020-03-30T23:00:01.994597Z,0.3346138906136012,16.466,195538080.15672025,76813068.01068139,,94.73.61.9
21378,Grupo MasMovil,Madrid,2020-03-30T23:02:01.813271Z,0.3346138906136012,16.838,123113354.36052851,69662956.5090199,,94.73.61.9
21378,Grupo MasMovil,Madrid,2020-03-30T23:04:01.695874Z,0.3346138906136012,16.605,167821719.90253854,72887091.29243533,,94.73.61.9
21378,Grupo MasMovil,Madrid,2020-03-30T23:06:01.674999Z,0.3346138906136012,18.696,206830699.00957957,75605547.25219096,,94.73.61.9
21378,Grupo MasMovil,Madrid,2020-03-30T23:08:01.503430Z,0.3346138906136012,9.757,223406015.8269039,99274287.15553787,,94.73.61.9
21378,Grupo MasMovil,Madrid,2020-03-30T23:10:01.253874Z,0.3346138906136012,9.54,156823223.37812817,87628588.00850527,,94.73.61.9
21378,Grupo MasMovil,Madrid,2020-03-30T23:12:02.011202Z,0.3346138906136012,9.657,211999956.53904954,77440430.39860383,,94.73.61.9
21378,Grupo MasMovil,Madrid,2020-03-30T23:14:01.737292Z,0.3346138906136012,9.065,73332456.20795481,77048052.2666936,,94.73.61.9
21378,Grupo MasMovil,Madrid,2020-03-30T23:16:01.498108Z,0.3346138906136012,17.048,170570642.99790764,81595814.3199276,,94.73.61.9
21378,Grupo MasMovil,Madrid,2020-03-30T23:18:01.415436Z,0.3346138906136012,17.684,203165745.54068977,73476274.1614568,,94.73.61.9
21378,Grupo MasMovil,Madrid,2020-03-30T23:20:01.221781Z,0.3346138906136012,19.703,199337637.60815945,79352388.85780297,,94.73.61.9
21378,Grupo MasMovil,Madrid,2020-03-30T23:22:02.131329Z,0.3346138906136012,16.829,199099536.78076783,69702326.24478483,,94.73.61.9
21378,Grupo MasMovil,Madrid,2020-03-30T23:24:01.940597Z,0.3346138906136012,17.388,185929780.7677552,72206445.81263843,,94.73.61.9
21378,Grupo MasMovil,Madrid,2020-03-30T23:26:01.772207Z,0.3346138906136012,18.434,158002979.88240206,88122518.55963813,,94.73.61.9
21378,Grupo MasMovil,Madrid,2020-03-30T23:28:01.570521Z,0.3346138906136012,16.405,142612711.13451517,74850878.0277705,,94.73.61.9
21378,Grupo MasMovil,Madrid,2020-03-30T23:30:01.392527Z,0.3346138906136012,16.676,62468895.02265689,40948868.62217245,,94.73.61.9
21378,Grupo MasMovil,Madrid,2020-03-30T23:32:01.732532Z,0.3346138906136012,18.6,194786538.09957618,92223702.56795327,,94.73.61.9
21378,Grupo MasMovil,Madrid,2020-03-30T23:34:01.609322Z,0.3346138906136012,18.03,121057319.0757534,80944370.59544364,,94.73.61.9
21378,Grupo MasMovil,Madrid,2020-03-30T23:36:01.230719Z,0.3346138906136012,9.723,205313301.4514998,71586496.38918068,,94.73.61.9
21378,Grupo MasMovil,Madrid,2020-03-30T23:38:01.910599Z,0.3346138906136012,8.926,235810679.707653,95542928.71990348,,94.73.61.9
21378,Grupo MasMovil,Madrid,2020-03-30T23:40:01.606519Z,0.3346138906136012,10.506,163490064.09669107,97670215.10863316,,94.73.61.9
21378,Grupo MasMovil,Madrid,2020-03-30T23:42:01.370419Z,0.3346138906136012,24.314,197832980.96907148,85906634.82665144,,94.73.61.9
21378,Grupo MasMovil,Madrid,2020-03-30T23:44:01.167561Z,0.3346138906136012,9.884,81672105.55903795,83761504.88428305,,94.73.61.9
21378,Grupo MasMovil,Madrid,2020-03-30T23:46:01.960614Z,0.3346138906136012,24.538,150605642.19823605,74028461.44951166,,94.73.61.9
21378,Grupo MasMovil,Madrid,2020-03-30T23:48:01.893468Z,0.3346138906136012,23.623,191256734.48413688,69329485.58338688,,94.73.61.9
21378,Grupo MasMovil,Madrid,2020-03-30T23:50:01.768557Z,0.3346138906136012,22.158,203747962.8152105,79351868.73937106,,94.73.61.9
21378,Grupo MasMovil,Madrid,2020-03-30T23:52:01.795204Z,0.3346138906136012,23.129,204995987.92873463,74251412.51198271,,94.73.61.9
21378,Grupo MasMovil,Madrid,2020-03-30T23:54:01.626947Z,0.3346138906136012,21.875,185937728.97527498,68200167.44718274,,94.73.61.9
21378,Grupo MasMovil,Madrid,2020-03-30T23:56:01.530182Z,0.3346138906136012,24.291,203105910.35928833,77787239.92819454,,94.73.61.9
21378,Grupo MasMovil,Madrid,2020-03-30T23:58:01.486915Z,0.3346138906136012,24.157,205982258.28838712,80328025.2111794,,94.73.61.9
21378,Grupo MasMovil,Madrid,2020-03-31T00:00:01.389607Z,0.3346138906136012,26.854,206249614.57031405,68387655.44390431,,94.73.61.9
21378,Grupo MasMovil,Madrid,2020-03-31T00:02:01.915145Z,0.3346138906136012,22.061,173669606.36084586,86136086.47901486,,94.73.61.9
21378,Grupo MasMovil,Madrid,2020-03-31T00:04:01.736604Z,0.3346138906136012,9.336,196722774.8106204,79487390.18846725,,94.73.61.9
21378,Grupo MasMovil,Madrid,2020-03-31T00:06:01.614862Z,0.3346138906136012,17.691,161379658.45578253,87812901.48647101,,94.73.61.9
21378,Grupo MasMovil,Madrid,2020-03-31T00:08:01.506148Z,0.3346138906136012,17.88,208258583.6385416,84881356.02733026,,94.73.61.9
21378,Grupo MasMovil,Madrid,2020-03-31T00:10:01.304544Z,0.3346138906136012,17.47,201654086.33469427,79989196.65464082,,94.73.61.9
21378,Grupo MasMovil,Madrid,2020-03-31T00:12:02.170090Z,0.3346138906136012,17.555,157450309.7718721,87549906.57112698,,94.73.61.9
21378,Grupo MasMovil,Madrid,2020-03-31T00:14:02.019561Z,0.3346138906136012,17.139,166843314.36743698,87474531.34484555,,94.73.61.9
21378,Grupo MasMovil,Madrid,2020-03-31T00:16:01.806354Z,0.3346138906136012,17.562,201659965.9684351,68602889.64180554,,94.73.61.9
21378,Grupo MasMovil,Madrid,2020-03-31T00:18:01.631359Z,0.3346138906136012,17.696,205758704.4616402,83565664.47466739,,94.73.61.9
21378,Grupo MasMovil,Madrid,2020-03-31T00:20:01.522664Z,0.3346138906136012,17.618,152356807.23751056,69288061.1778952,,94.73.61.9
21378,Grupo MasMovil,Madrid,2020-03-31T05:40:02.190369Z,0.3346138906136012,9.259,248166979.08803758,104009978.20399338,,94.73.61.9
21378,Grupo MasMovil,Madrid,2020-03-31T06:00:01.876663Z,0.3346138906136012,9.266,236447665.90966406,87730999.58773461,,94.73.61.9
21378,Grupo MasMovil,Madrid,2020-03-31T06:20:01.588420Z,0.3346138906136012,22.654,141439493.8951354,71749807.48299563,,94.73.61.9
21378,Grupo MasMovil,Madrid,2020-03-31T06:40:01.666696Z,0.3346138906136012,23.518,191618017.50818935,72143945.17136501,,94.73.61.9
21378,Grupo MasMovil,Madrid,2020-03-31T07:00:01.832570Z,0.3346138906136012,24.451,188100360.89626125,70471824.3241578,,94.73.61.9
21378,Grupo MasMovil,Madrid,2020-03-31T07:20:01.814359Z,0.3346138906136012,22.524,214363998.52582172,68055242.93378866,,94.73.61.9
21378,Grupo MasMovil,Madrid,2020-03-31T07:40:01.786137Z,0.3346138906136012,21.797,155557907.4356898,76098242.11739182,,94.73.61.9
21378,Grupo MasMovil,Madrid,2020-03-31T08:00:01.888156Z,0.3346138906136012,22.989,144159382.7484488,67666268.5653666,,94.73.61.9
21378,Grupo MasMovil,Madrid,2020-03-31T08:20:02.310542Z,0.3346138906136012,97.762,71416706.79695809,21830073.586842522,,94.73.61.9
21378,Grupo MasMovil,Madrid,2020-03-31T08:40:02.111943Z,0.3346138906136012,85.735,89308839.64287958,20889048.715921648,,94.73.61.9
21378,Grupo MasMovil,Madrid,2020-03-31T09:00:01.950784Z,0.3346138906136012,40.076,26299863.853166454,9438284.04015554,,94.73.61.9
21378,Grupo MasMovil,Madrid,2020-03-31T09:20:12.554700Z,0.3346138906136012,75.142,102102893.32055458,44462978.421067834,,94.73.61.9
21378,Grupo MasMovil,Madrid,2020-03-31T09:40:01.658311Z,0.3346138906136012,76.628,60646251.663506515,21506386.79854016,,94.73.61.9
21378,Grupo MasMovil,Madrid,2020-03-31T10:00:01.496480Z,0.3346138906136012,141.834,80359440.41456372,30811529.22331493,,94.73.61.9
21378,Grupo MasMovil,Madrid,2020-03-31T10:20:01.597980Z,0.3346138906136012,23.298,147119115.25938055,63931144.92334879,,94.73.61.9
21378,Grupo MasMovil,Madrid,2020-03-31T10:40:01.626857Z,0.3346138906136012,22.977,199109091.09257364,73276948.20159708,,94.73.61.9
21378,Grupo MasMovil,Madrid,2020-03-31T11:00:02.304672Z,0.3346138906136012,26.228,172093651.96862003,78847706.24445827,,94.73.61.9
21378,Grupo MasMovil,Madrid,2020-03-31T11:20:01.293585Z,0.3346138906136012,23.882,149871132.39664444,80137416.49465437,,94.73.61.9
21378,Grupo MasMovil,Madrid,2020-03-31T11:40:02.201997Z,0.3346138906136012,24.914,163744718.9624515,74392700.20506142,,94.73.61.9
21378,Grupo MasMovil,Madrid,2020-03-31T12:00:02.156407Z,0.3346138906136012,26.916,187754409.58941066,70766919.35369578,,94.73.61.9
21378,Grupo MasMovil,Madrid,2020-03-31T12:20:02.253566Z,0.3346138906136012,23.378,171171523.66270918,78889464.76954526,,94.73.61.9
21378,Grupo MasMovil,Madrid,2020-03-31T12:40:02.215285Z,0.3346138906136012,26.453,167860767.3632017,78572968.41642065,,94.73.61.9
21378,Grupo MasMovil,Madrid,2020-03-31T13:00:02.194683Z,0.3346138906136012,23.87,157823303.43328163,73430278.72848734,,94.73.61.9
21378,Grupo MasMovil,Madrid,2020-03-31T13:20:02.224981Z,0.3346138906136012,26.086,171858809.32771537,74098075.27950369,,94.73.61.9
21378,Grupo MasMovil,Madrid,2020-03-31T13:40:02.015163Z,0.3346138906136012,32.342,147787131.3876129,65073717.66337791,,94.73.61.9
21378,Grupo MasMovil,Madrid,2020-03-31T14:00:01.961615Z,0.3346138906136012,17.85,208157642.09129354,73835419.27035764,,94.73.61.9
21378,Grupo MasMovil,Madrid,2020-03-31T14:20:01.810237Z,0.3346138906136012,22.854,123650549.15312757,56860094.85737175,,94.73.61.9
21378,Grupo MasMovil,Madrid,2020-03-31T14:40:02.235140Z,0.3346138906136012,136.923,53771225.38924873,15191922.892213969,,94.73.61.9
21378,Grupo MasMovil,Madrid,2020-03-31T15:00:03.957004Z,0.3346138906136012,23.138,166958516.40563688,69414168.32762928,,94.73.61.9
21378,Grupo MasMovil,Madrid,2020-03-31T15:20:01.877020Z,0.3346138906136012,21.551,143854862.7998185,73499768.98595965,,94.73.61.9
21378,Grupo MasMovil,Madrid,2020-03-31T15:40:01.928651Z,0.3346138906136012,47.7,196774505.03825775,62578834.3073186,,94.73.61.9
21378,Grupo MasMovil,Madrid,2020-03-31T16:00:02.123207Z,0.3346138906136012,30.072,168500483.24198976,55975302.32438005,,94.73.61.9
21378,Grupo MasMovil,Madrid,2020-03-31T16:20:01.447447Z,0.3346138906136012,23.53,129464311.63447113,65241827.81375008,,94.73.61.9
21378,Grupo MasMovil,Madrid,2020-03-31T16:40:01.470576Z,0.3346138906136012,24.168,182251247.83649975,66283747.6244271,,94.73.61.9
21378,Grupo MasMovil,Madrid,2020-03-31T17:00:01.521596Z,0.3346138906136012,22.026,162195217.8705298,69344416.90284692,,94.73.61.9
21378,Grupo MasMovil,Madrid,2020-04-01T05:00:02.790949Z,0.3346138906136012,30.169,196694756.65873274,74035752.56475917,,94.73.61.9
21378,Grupo MasMovil,Madrid,2020-04-01T05:20:01.795966Z,0.3346138906136012,22.547,200032257.62093815,78422527.76600139,,94.73.61.9
21378,Grupo MasMovil,Madrid,2020-04-01T05:40:01.694533Z,0.3346138906136012,23.256,190651165.71321565,62273093.4068089,,94.73.61.9
21378,Grupo MasMovil,Madrid,2020-04-01T06:00:01.557936Z,0.3346138906136012,23.163,152929297.73647422,72163583.09255673,,94.73.61.9
21378,Grupo MasMovil,Madrid,2020-04-01T06:20:01.696126Z,0.3346138906136012,23.434,195579055.6634666,76400212.15034464,,94.73.61.9
21378,Grupo MasMovil,Madrid,2020-04-01T06:40:01.642251Z,0.3346138906136012,22.894,144571102.00632718,70268078.75082439,,94.73.61.9
21378,Grupo MasMovil,Madrid,2020-04-01T07:00:01.597712Z,0.3346138906136012,23.033,144898811.91187954,74870340.69859044,,94.73.61.9
21378,Grupo MasMovil,Madrid,2020-04-01T07:20:01.522672Z,0.3346138906136012,26.005,130880507.19143197,90049046.9213345,,94.73.61.9
21378,Grupo MasMovil,Madrid,2020-04-01T07:40:01.537311Z,0.3346138906136012,40.821,124118504.21270327,56935349.13073955,,94.73.61.9
21378,Grupo MasMovil,Madrid,2020-04-01T08:00:01.617943Z,0.3346138906136012,24.984,174941056.90805715,68205820.7219592,,94.73.61.9
21378,Grupo MasMovil,Madrid,2020-04-01T08:20:01.578123Z,0.3346138906136012,25.269,154899210.06501022,69284116.31022099,,94.73.61.9
21378,Grupo MasMovil,Madrid,2020-04-01T08:40:01.668690Z,0.3346138906136012,23.557,157335050.06898588,68280170.90531799,,94.73.61.9
21378,Grupo MasMovil,Madrid,2020-04-01T09:00:01.745907Z,0.3346138906136012,26.075,192893082.6565307,67017766.66188145,,94.73.61.9
21378,Grupo MasMovil,Madrid,2020-04-01T09:20:01.702734Z,0.3346138906136012,35.472,165240862.80015823,65198892.988101035,,94.73.61.9
21378,Grupo MasMovil,Madrid,2020-04-01T09:40:01.733646Z,0.3346138906136012,23.83,148293274.88648206,63792056.031208694,,94.73.61.9
21378,Grupo MasMovil,Madrid,2020-04-01T10:00:01.734534Z,0.3346138906136012,23.09,169163041.07156006,77550409.12236337,,94.73.61.9
21378,Grupo MasMovil,Madrid,2020-04-01T10:20:01.778689Z,0.3346138906136012,24.094,164145971.42941132,71588022.42183684,,94.73.61.9
21378,Grupo MasMovil,Madrid,2020-04-01T10:40:01.761155Z,0.3346138906136012,25.761,85773987.82783681,63341196.44198476,,94.73.61.9
21378,Grupo MasMovil,Madrid,2020-04-01T11:00:02.237897Z,0.3346138906136012,23.187,153694510.41217232,59281506.12291557,,94.73.61.9
21378,Grupo MasMovil,Madrid,2020-04-01T11:20:02.195512Z,0.3346138906136012,25.601,202530767.65686494,83673824.948898,,94.73.61.9
21378,Grupo MasMovil,Madrid,2020-04-01T11:40:02.217392Z,0.3346138906136012,61.39,195025158.87618193,78658493.49424128,,94.73.61.9
21378,Grupo MasMovil,Madrid,2020-04-01T12:00:01.378736Z,0.3346138906136012,21.116,147480057.03313696,76652051.49042569,,94.73.61.9
21378,Grupo MasMovil,Madrid,2020-04-01T12:20:01.303644Z,0.3346138906136012,23.291,183973409.49058297,67491584.9250025,,94.73.61.9
21378,Grupo MasMovil,Madrid,2020-04-01T12:40:01.360378Z,0.3346138906136012,25.086,216662218.45087153,77760516.22366571,,94.73.61.9
21378,Grupo MasMovil,Madrid,2020-04-01T13:00:01.433074Z,0.3346138906136012,31.004,179605794.47914234,74361838.74735641,,94.73.61.9
21378,Grupo MasMovil,Madrid,2020-04-01T13:20:01.547383Z,0.3346138906136012,24.948,199700575.60262197,62613329.08990814,,94.73.61.9
21378,Grupo MasMovil,Madrid,2020-04-01T13:40:01.534364Z,0.3346138906136012,21.303,132468789.99127327,68017227.6626507,,94.73.61.9
21378,Grupo MasMovil,Madrid,2020-04-01T14:00:01.508951Z,0.3346138906136012,22.863,111876484.48869574,46057887.035319924,,94.73.61.9
21378,Grupo MasMovil,Madrid,2020-04-01T14:20:02.053112Z,0.3346138906136012,120.268,41341551.62895844,13558920.276806679,,94.73.61.9
21378,Grupo MasMovil,Madrid,2020-04-01T14:40:02.220687Z,0.3346138906136012,21.554,136043727.31380597,73904628.39697847,,94.73.61.9
21378,Grupo MasMovil,Madrid,2020-04-01T15:00:02.216154Z,0.3346138906136012,24.171,158583438.0089474,75332161.71881479,,94.73.61.9
21378,Grupo MasMovil,Madrid,2020-04-01T15:20:02.167687Z,0.3346138906136012,28.248,193843078.2619068,73484186.72488616,,94.73.61.9
21378,Grupo MasMovil,Madrid,2020-04-01T15:40:04.453736Z,0.3346138906136012,27.015,205705543.06573117,74002101.67736228,,94.73.61.9
21378,Grupo MasMovil,Madrid,2020-04-01T16:00:01.475336Z,0.3346138906136012,37.85,165610886.8322402,68681988.22341265,,94.73.61.9
21378,Grupo MasMovil,Madrid,2020-04-01T16:20:01.490978Z,0.3346138906136012,26.771,178299408.66165766,73959561.27285016,,94.73.61.9
21378,Grupo MasMovil,Madrid,2020-04-01T16:40:01.487087Z,0.3346138906136012,27.214,120779735.79794511,72573020.87739408,,94.73.61.9
21378,Grupo MasMovil,Madrid,2020-04-01T17:00:11.255939Z,0.3346138906136012,22.146,146519018.39480445,76712766.65448345,,94.73.61.9
21378,Grupo MasMovil,Madrid,2020-04-01T17:20:02.245278Z,0.3346138906136012,23.44,167790193.04790294,82367737.12485309,,94.73.61.9
21378,Grupo MasMovil,Madrid,2020-04-01T17:40:02.171892Z,0.3346138906136012,23.017,148460948.87580866,66813641.92691774,,94.73.61.9
21378,Grupo MasMovil,Madrid,2020-04-01T18:00:02.107421Z,0.3346138906136012,23.552,139613258.45403334,53009415.9441927,,94.73.61.9
21378,Grupo MasMovil,Madrid,2020-04-01T18:20:02.118780Z,0.3346138906136012,25.462,144703123.95997784,77534008.71236347,,94.73.61.9
21378,Grupo MasMovil,Madrid,2020-04-01T18:40:02.101083Z,0.3346138906136012,31.667,184348898.30946946,68066431.38954337,,94.73.61.9
21378,Grupo MasMovil,Madrid,2020-04-01T19:00:02.146140Z,0.3346138906136012,24.777,129946701.78893106,67601188.59191178,,94.73.61.9
21378,Grupo MasMovil,Madrid,2020-04-01T19:20:02.083723Z,0.3346138906136012,23.017,179473498.92139965,67589923.67385429,,94.73.61.9
21378,Grupo MasMovil,Madrid,2020-04-01T19:40:01.526240Z,0.3346138906136012,16.712,180721995.92436597,78994983.95920596,,94.73.61.9
21378,Grupo MasMovil,Madrid,2020-04-02T05:20:01.563891Z,0.3346138906136012,9.514,163002969.60188845,85977224.43632703,,94.73.61.9
21378,Grupo MasMovil,Madrid,2020-04-02T05:40:01.233623Z,0.3346138906136012,22.735,190051263.34780675,71819729.44033565,,94.73.61.9
21378,Grupo MasMovil,Madrid,2020-04-02T06:00:02.009995Z,0.3346138906136012,22.695,175374135.4430234,73482459.85311563,,94.73.61.9
21378,Grupo MasMovil,Madrid,2020-04-02T06:20:01.790102Z,0.3346138906136012,23.416,189929351.8141539,78380017.49013034,,94.73.61.9
21378,Grupo MasMovil,Madrid,2020-04-02T06:40:02.443944Z,0.3346138906136012,23.228,177566179.46022105,62203851.40081527,,94.73.61.9
21378,Grupo MasMovil,Madrid,2020-04-02T07:00:01.271554Z,0.3346138906136012,26.99,133932007.45134433,58896586.61916332,,94.73.61.9
21378,Grupo MasMovil,Madrid,2020-04-02T07:20:02.192891Z,0.3346138906136012,21.429,159965229.65883696,79769927.1832083,,94.73.61.9
21378,Grupo MasMovil,Madrid,2020-04-02T07:40:02.154699Z,0.3346138906136012,29.479,157138969.3790512,77168775.9022795,,94.73.61.9
21378,Grupo MasMovil,Madrid,2020-04-02T08:00:03.344492Z,0.3346138906136012,25.079,159942825.71601236,46809463.8661399,,94.73.61.9
21378,Grupo MasMovil,Madrid,2020-04-02T08:20:02.208020Z,0.3346138906136012,24.606,137915873.89380783,67383653.42807728,,94.73.61.9
21378,Grupo MasMovil,Madrid,2020-04-02T08:40:17.123764Z,0.3346138906136012,69.924,13228849.1742443,10417769.349273272,,94.73.61.9
21378,Grupo MasMovil,Madrid,2020-04-02T09:00:01.608381Z,0.3346138906136012,24.492,139595396.4495601,67845938.04392324,,94.73.61.9
21378,Grupo MasMovil,Madrid,2020-04-02T09:20:01.482059Z,0.3346138906136012,24.622,143362287.38163814,74691693.76318316,,94.73.61.9
21378,Grupo MasMovil,Madrid,2020-04-02T09:40:01.552823Z,0.3346138906136012,39.872,113918373.33800218,73765959.75337043,,94.73.61.9
21378,Grupo MasMovil,Madrid,2020-04-02T10:00:01.818052Z,0.3346138906136012,25.15,115889746.60325772,62007310.150632784,,94.73.61.9
21378,Grupo MasMovil,Madrid,2020-04-02T10:20:01.858684Z,0.3346138906136012,21.944,138615203.62113112,74084844.91739541,,94.73.61.9
21378,Grupo MasMovil,Madrid,2020-04-02T10:40:02.371437Z,0.3346138906136012,35.585,106537217.06442764,70778767.4940925,,94.73.61.9
21378,Grupo MasMovil,Madrid,2020-04-02T11:00:01.523315Z,0.3346138906136012,24.629,135259586.27486286,79315719.84165615,,94.73.61.9
21378,Grupo MasMovil,Madrid,2020-04-02T11:20:01.670720Z,0.3346138906136012,21.791,214641023.45234156,75470304.67691833,,94.73.61.9
21378,Grupo MasMovil,Madrid,2020-04-02T11:40:01.560149Z,0.3346138906136012,41.569,167528841.4960933,55717654.525342986,,94.73.61.9
21378,Grupo MasMovil,Madrid,2020-04-02T12:00:01.649991Z,0.3346138906136012,23.49,194842787.77062285,58278768.217487514,,94.73.61.9
21378,Grupo MasMovil,Madrid,2020-04-02T12:20:01.504767Z,0.3346138906136012,35.475,143775792.8703764,62193544.30947787,,94.73.61.9
21378,Grupo MasMovil,Madrid,2020-04-02T12:40:01.409072Z,0.3346138906136012,23.55,167917327.38161004,54435732.00441685,,94.73.61.9
21378,Grupo MasMovil,Madrid,2020-04-02T13:00:02.205631Z,0.3346138906136012,22.625,92239763.81887227,66959131.74461449,,94.73.61.9
21378,Grupo MasMovil,Madrid,2020-04-02T13:20:01.691594Z,0.3346138906136012,24.7,157461172.7392203,55778568.23399504,,94.73.61.9
21378,Grupo MasMovil,Madrid,2020-04-02T13:40:01.499269Z,0.3346138906136012,33.66,117925070.1814392,62194225.651270196,,94.73.61.9
21378,Grupo MasMovil,Madrid,2020-04-02T14:00:01.379220Z,0.3346138906136012,22.078,171561745.4925103,40026487.78247269,,94.73.61.9
21378,Grupo MasMovil,Madrid,2020-04-02T14:20:02.301712Z,0.3346138906136012,57.789,63774353.802755,7146115.825491271,,94.73.61.9
21378,Grupo MasMovil,Madrid,2020-04-02T14:40:01.784278Z,0.3346138906136012,22.819,153275401.58281744,58121132.35417778,,94.73.61.9
21378,Grupo MasMovil,Madrid,2020-04-02T15:00:01.737035Z,0.3346138906136012,29.492,133839251.11667977,52184619.22147829,,94.73.61.9
21378,Grupo MasMovil,Madrid,2020-04-02T15:20:01.618518Z,0.3346138906136012,27.791,105398984.3260937,7032574.2733566975,,94.73.61.9
21378,Grupo MasMovil,Madrid,2020-04-02T15:40:02.216159Z,0.3346138906136012,24.844,161675229.1705699,59011954.1247812,,94.73.61.9
21378,Grupo MasMovil,Madrid,2020-04-02T16:00:07.307674Z,0.3346138906136012,25.924,186041303.84364843,60685051.378074445,,94.73.61.9
21378,Grupo MasMovil,Madrid,2020-04-02T16:20:02.161372Z,0.3346138906136012,30.381,111191219.75983146,50499273.78529167,,94.73.61.9
21378,Grupo MasMovil,Madrid,2020-04-02T16:40:02.067440Z,0.3346138906136012,57.864,121292808.8420454,55638825.75117486,,94.73.61.9
21378,Grupo MasMovil,Madrid,2020-04-02T17:00:01.231239Z,0.3346138906136012,29.816,90100042.33602026,47148987.28119396,,94.73.61.9
21378,Grupo MasMovil,Madrid,2020-04-02T17:20:01.818606Z,0.3346138906136012,27.258,163166820.53968605,45225354.89560107,,94.73.61.9
21378,Grupo MasMovil,Madrid,2020-04-02T17:40:02.023480Z,0.3346138906136012,25.217,181479542.8937828,105189916.32432574,,94.73.61.9
21378,Grupo MasMovil,Madrid,2020-04-02T18:20:01.454815Z,0.3346138906136012,22.893,200565579.56209192,118521498.29605788,,94.73.61.9
21378,Grupo MasMovil,Madrid,2020-04-02T18:40:01.277133Z,0.3346138906136012,17.691,105618127.76561958,134500771.7890692,,94.73.61.9
21378,Grupo MasMovil,Madrid,2020-04-02T19:00:02.033275Z,0.3346138906136012,847.386,109735404.27312335,124626977.78021593,,94.73.61.9
21378,Grupo MasMovil,Madrid,2020-04-02T19:20:01.512829Z,0.3346138906136012,19.326,216721931.56720677,127612253.56538913,,94.73.61.9
21378,Grupo MasMovil,Madrid,2020-04-02T20:20:05.752610Z,0.3346138906136012,864.431,105839526.6356412,121044586.37478462,,94.73.61.9
21378,Grupo MasMovil,Madrid,2020-04-02T20:40:01.675975Z,0.3346138906136012,23.502,204318016.45882937,123301434.67165022,,94.73.61.9
21378,Grupo MasMovil,Madrid,2020-04-02T21:00:01.282192Z,0.3346138906136012,22.261,198852537.96143323,132677388.78631608,,94.73.61.9
21378,Grupo MasMovil,Madrid,2020-04-02T21:20:02.176480Z,0.3346138906136012,17.361,196477069.46337733,121073348.20789246,,94.73.61.9
21378,Grupo MasMovil,Madrid,2020-04-02T21:40:01.500021Z,0.3346138906136012,18.084,227257339.76840818,115175139.54475826,,94.73.61.9
21378,Grupo MasMovil,Madrid,2020-04-02T22:00:06.273970Z,0.3346138906136012,23.022,83274084.28099559,135621079.32137153,,94.73.61.9
21378,Grupo MasMovil,Madrid,2020-04-02T22:20:01.943452Z,0.3346138906136012,9.614,217849013.9553351,43787177.146620564,,94.73.61.9
21378,Grupo MasMovil,Madrid,2020-04-02T22:40:01.621250Z,0.3346138906136012,17.652,237496573.2565101,122007006.78555082,,94.73.61.9
21378,Grupo MasMovil,Madrid,2020-04-03T05:40:01.213782Z,0.3346138906136012,11.637,156667761.2857093,92239203.2879253,,94.73.61.9
21378,Grupo MasMovil,Madrid,2020-04-03T06:00:01.816137Z,0.3346138906136012,9.206,184899485.74948615,79591038.1039507,,94.73.61.9
21378,Grupo MasMovil,Madrid,2020-04-03T06:20:01.543783Z,0.3346138906136012,9.044,226393508.2222736,84860418.02541192,,94.73.61.9
21378,Grupo MasMovil,Madrid,2020-04-03T06:30:01.171786Z,0.3346138906136012,8.583,199370322.73412967,84875957.89896166,,94.73.61.9
21378,Grupo MasMovil,Madrid,2020-04-03T06:40:01.968433Z,0.3346138906136012,9.615,217096004.0783184,89061989.88124387,,94.73.61.9
21378,Grupo MasMovil,Madrid,2020-04-03T06:50:01.586504Z,0.3346138906136012,8.887,172381946.7351556,60416616.57285563,,94.73.61.9
21378,Grupo MasMovil,Madrid,2020-04-03T07:00:01.227176Z,0.3346138906136012,10.096,180481266.49360093,71868926.90641129,,94.73.61.9
21378,Grupo MasMovil,Madrid,2020-04-03T07:10:01.808379Z,0.3346138906136012,9.895,213926606.2476998,81724830.74540778,,94.73.61.9
21378,Grupo MasMovil,Madrid,2020-04-03T07:20:01.555847Z,0.3346138906136012,21.067,166668630.11812347,76243339.71486068,,94.73.61.9
21378,Grupo MasMovil,Madrid,2020-04-03T07:30:01.432382Z,0.3346138906136012,16.898,47545143.43473521,86931832.60940038,,94.73.61.9
21378,Grupo MasMovil,Madrid,2020-04-03T07:40:01.340370Z,0.3346138906136012,8.788,45701935.121695094,68231985.13333087,,94.73.61.9
21378,Grupo MasMovil,Madrid,2020-04-03T07:50:02.162754Z,0.3346138906136012,19.296,168761611.2487953,75447539.51081386,,94.73.61.9
21378,Grupo MasMovil,Madrid,2020-04-03T08:00:02.837682Z,0.3346138906136012,36.832,172085117.08381492,77473338.2170766,,94.73.61.9
21378,Grupo MasMovil,Madrid,2020-04-03T08:10:01.720658Z,0.3346138906136012,22.479,173159266.819647,76100227.64511243,,94.73.61.9
21378,Grupo MasMovil,Madrid,2020-04-03T08:20:01.541719Z,0.3346138906136012,25.991,139372278.67334038,74791927.46995457,,94.73.61.9
21378,Grupo MasMovil,Madrid,2020-04-03T08:30:01.420851Z,0.3346138906136012,23.23,79563939.86268999,73897690.34311338,,94.73.61.9
21378,Grupo MasMovil,Madrid,2020-04-03T08:40:01.697477Z,0.3346138906136012,24.125,191228870.99798423,74114008.93881297,,94.73.61.9
21378,Grupo MasMovil,Madrid,2020-04-03T08:50:01.513332Z,0.3346138906136012,22.782,154872153.02275828,67913842.42443648,,94.73.61.9
21378,Grupo MasMovil,Madrid,2020-04-03T09:00:01.345898Z,0.3346138906136012,26.675,211991168.9232674,79960923.8814645,,94.73.61.9
21378,Grupo MasMovil,Madrid,2020-04-03T09:10:02.220298Z,0.3346138906136012,22.367,145033629.7635511,73066514.19684397,,94.73.61.9
21378,Grupo MasMovil,Madrid,2020-04-03T09:20:02.434777Z,0.3346138906136012,22.714,181423757.2472447,72263538.39320663,,94.73.61.9
21378,Grupo MasMovil,Madrid,2020-04-03T09:30:01.394373Z,0.3346138906136012,22.241,193678632.2132197,69831326.40541993,,94.73.61.9
21378,Grupo MasMovil,Madrid,2020-04-03T09:40:01.431707Z,0.3346138906136012,23.218,149525080.65965912,71233317.3313024,,94.73.61.9
21378,Grupo MasMovil,Madrid,2020-04-03T09:50:01.407197Z,0.3346138906136012,24.061,184402102.978307,79142121.13905607,,94.73.61.9
21378,Grupo MasMovil,Madrid,2020-04-03T10:00:01.481467Z,0.3346138906136012,20.711,142069841.710207,74782026.75440136,,94.73.61.9
21378,Grupo MasMovil,Madrid,2020-04-03T10:10:01.479351Z,0.3346138906136012,23.364,119129692.4448369,74113235.87229683,,94.73.61.9
21378,Grupo MasMovil,Madrid,2020-04-03T10:20:01.578541Z,0.3346138906136012,53.944,128917298.66123468,78838155.82276955,,94.73.61.9
21378,Grupo MasMovil,Madrid,2020-04-03T10:30:01.977031Z,0.3346138906136012,21.182,136753408.6941327,75161451.68816416,,94.73.61.9
21378,Grupo MasMovil,Madrid,2020-04-03T10:40:02.184750Z,0.3346138906136012,22.771,170254729.37521517,56325256.93688139,,94.73.61.9
21378,Grupo MasMovil,Madrid,2020-04-03T10:50:02.160211Z,0.3346138906136012,22.167,128454532.36483984,80042328.44191223,,94.73.61.9
21378,Grupo MasMovil,Madrid,2020-04-03T11:00:02.104829Z,0.3346138906136012,22.487,168024408.27912974,68619786.3229574,,94.73.61.9
21378,Grupo MasMovil,Madrid,2020-04-03T11:10:02.149949Z,0.3346138906136012,34.075,144516525.62623778,75812722.25042212,,94.73.61.9
21378,Grupo MasMovil,Madrid,2020-04-03T11:20:01.634281Z,0.3346138906136012,27.882,141268048.77847734,83233054.51936832,,94.73.61.9
21378,Grupo MasMovil,Madrid,2020-04-03T11:30:01.592220Z,0.3346138906136012,64.794,150949582.10897744,68084949.45725362,,94.73.61.9
21378,Grupo MasMovil,Madrid,2020-04-03T11:40:01.836412Z,0.3346138906136012,26.44,173911970.20176336,73927799.73891406,,94.73.61.9
21378,Grupo MasMovil,Madrid,2020-04-03T11:50:01.849695Z,0.3346138906136012,28.187,120908928.29180548,79933229.52510402,,94.73.61.9
21378,Grupo MasMovil,Madrid,2020-04-03T12:00:02.376950Z,0.3346138906136012,25.475,146677983.0967721,79590865.31128128,,94.73.61.9
21378,Grupo MasMovil,Madrid,2020-04-03T12:10:01.439623Z,0.3346138906136012,23.758,142640625.78240395,69854298.42884643,,94.73.61.9
21378,Grupo MasMovil,Madrid,2020-04-03T12:20:01.454953Z,0.3346138906136012,25.287,135031682.80328032,75061111.43156007,,94.73.61.9
21378,Grupo MasMovil,Madrid,2020-04-03T12:30:01.575150Z,0.3346138906136012,35.618,63423862.38101558,56310325.85193513,,94.73.61.9
21378,Grupo MasMovil,Madrid,2020-04-03T12:40:01.729095Z,0.3346138906136012,22.678,154229268.520892,79852400.14767796,,94.73.61.9
21378,Grupo MasMovil,Madrid,2020-04-03T12:50:01.657049Z,0.3346138906136012,22.617,191895920.41423637,78062311.25504793,,94.73.61.9
21378,Grupo MasMovil,Madrid,2020-04-03T13:00:01.458165Z,0.3346138906136012,25.843,210248025.09904236,81005535.90708306,,94.73.61.9
21378,Grupo MasMovil,Madrid,2020-04-03T13:10:01.248827Z,0.3346138906136012,23.678,214839927.86438817,81744827.28975537,,94.73.61.9
21378,Grupo MasMovil,Madrid,2020-04-03T13:20:03.475121Z,0.3346138906136012,27.961,202204671.6761867,74953323.1979365,,94.73.61.9
21378,Grupo MasMovil,Madrid,2020-04-03T13:30:01.295238Z,0.3346138906136012,23.859,177954697.52667272,83976869.22685798,,94.73.61.9
21378,Grupo MasMovil,Madrid,2020-04-03T13:40:02.456635Z,0.3346138906136012,22.998,105506010.7040891,85733737.99187844,,94.73.61.9
21378,Grupo MasMovil,Madrid,2020-04-03T13:50:01.459648Z,0.3346138906136012,23.878,175898431.2416727,69818970.45864783,,94.73.61.9
21378,Grupo MasMovil,Madrid,2020-04-03T14:00:01.607639Z,0.3346138906136012,26.533,100822376.27189232,51631890.74764529,,94.73.61.9
21378,Grupo MasMovil,Madrid,2020-04-03T14:10:01.862777Z,0.3346138906136012,37.478,106530500.03717642,9212810.724090708,,94.73.61.9
21378,Grupo MasMovil,Madrid,2020-04-03T14:20:02.012579Z,0.3346138906136012,125.749,23334127.795146514,15404295.907091903,,94.73.61.9
21378,Grupo MasMovil,Madrid,2020-04-03T14:30:02.165488Z,0.3346138906136012,33.996,121996696.66780666,23245950.91750387,,94.73.61.9
21378,Grupo MasMovil,Madrid,2020-04-03T14:40:01.379292Z,0.3346138906136012,25.558,174979153.6486833,66770659.902834825,,94.73.61.9
21378,Grupo MasMovil,Madrid,2020-04-03T14:50:01.268447Z,0.3346138906136012,25.317,188440172.8803053,80993623.51349854,,94.73.61.9
21378,Grupo MasMovil,Madrid,2020-04-03T15:00:02.124473Z,0.3346138906136012,20.223,197154711.79662257,74172015.95532069,,94.73.61.9
21378,Grupo MasMovil,Madrid,2020-04-03T15:10:01.895851Z,0.3346138906136012,30.602,184883353.91962636,82718727.98465748,,94.73.61.9
21378,Grupo MasMovil,Madrid,2020-04-03T15:20:01.947807Z,0.3346138906136012,31.093,207491501.06778228,73681781.28077833,,94.73.61.9
21378,Grupo MasMovil,Madrid,2020-04-03T15:30:01.817972Z,0.3346138906136012,25.369,156996030.45587775,79812265.58459583,,94.73.61.9
21378,Grupo MasMovil,Madrid,2020-04-03T15:40:01.646766Z,0.3346138906136012,22.621,183742670.5235886,86897467.25927408,,94.73.61.9
21378,Grupo MasMovil,Madrid,2020-04-03T15:50:01.441686Z,0.3346138906136012,22.208,163249850.95654467,21332328.6020854,,94.73.61.9
21378,Grupo MasMovil,Madrid,2020-04-03T16:00:01.307961Z,0.3346138906136012,23.488,176866431.04952672,79866142.56440797,,94.73.61.9
21378,Grupo MasMovil,Madrid,2020-04-03T16:10:02.163407Z,0.3346138906136012,24.772,184494539.87954924,71846223.65981838,,94.73.61.9
21378,Grupo MasMovil,Madrid,2020-04-03T16:20:01.300507Z,0.3346138906136012,23.985,168934948.9834757,89198780.74654543,,94.73.61.9
21378,Grupo MasMovil,Madrid,2020-04-03T16:30:02.157728Z,0.3346138906136012,22.787,65342391.55532231,52965773.661899716,,94.73.61.9
21378,Grupo MasMovil,Madrid,2020-04-03T16:40:02.006261Z,0.3346138906136012,25.211,63769423.174078956,81637993.63429186,,94.73.61.9
21378,Grupo MasMovil,Madrid,2020-04-03T16:50:01.467702Z,0.3346138906136012,23.179,201805655.6838894,85747010.60446543,,94.73.61.9
21378,Grupo MasMovil,Madrid,2020-04-03T17:00:01.266676Z,0.3346138906136012,25.038,215574746.61218172,79939802.61685376,,94.73.61.9
21378,Grupo MasMovil,Madrid,2020-04-03T17:10:02.230309Z,0.3346138906136012,51.929,125504203.91063224,15421671.581329549,,94.73.61.9
21378,Grupo MasMovil,Madrid,2020-04-03T17:20:01.527273Z,0.3346138906136012,30.182,172559157.9429786,89665497.25272773,,94.73.61.9
21378,Grupo MasMovil,Madrid,2020-04-03T17:30:01.358145Z,0.3346138906136012,22.192,208237303.47253802,82152518.80455734,,94.73.61.9
21378,Grupo MasMovil,Madrid,2020-04-03T17:40:02.178447Z,0.3346138906136012,22.281,201709348.83965835,74759284.30499175,,94.73.61.9
21378,Grupo MasMovil,Madrid,2020-04-03T17:50:02.074561Z,0.3346138906136012,22.546,171394778.04481605,67990616.11054952,,94.73.61.9
21378,Grupo MasMovil,Madrid,2020-04-03T18:00:02.003098Z,0.3346138906136012,23.334,207184187.39325958,80417062.5969253,,94.73.61.9
21378,Grupo MasMovil,Madrid,2020-04-03T18:10:01.755589Z,0.3346138906136012,21.919,155211541.8005264,48355019.13373287,,94.73.61.9
21378,Grupo MasMovil,Madrid,2020-04-03T18:20:01.565030Z,0.3346138906136012,24.987,95512340.35180461,49500754.45863443,,94.73.61.9
21378,Grupo MasMovil,Madrid,2020-04-03T21:20:01.683960Z,0.3346138906136012,17.87,184998910.84696782,116981027.3267323,,94.73.61.9
21378,Grupo MasMovil,Madrid,2020-04-03T21:30:01.272179Z,0.3346138906136012,16.324,174789810.3475266,130696683.93765716,,94.73.61.9
21378,Grupo MasMovil,Madrid,2020-04-03T21:40:02.158315Z,0.3346138906136012,23.054,186258819.14623323,125019669.92057683,,94.73.61.9
21378,Grupo MasMovil,Madrid,2020-04-03T21:50:01.556621Z,0.3346138906136012,21.171,216334681.92927107,127670078.28612444,,94.73.61.9
21378,Grupo MasMovil,Madrid,2020-04-03T22:00:01.671839Z,0.3346138906136012,17.154,119728991.4463254,120277107.76437037,,94.73.61.9
21378,Grupo MasMovil,Madrid,2020-04-03T22:10:01.305838Z,0.3346138906136012,18.21,177011329.1006581,119586671.77063082,,94.73.61.9
21378,Grupo MasMovil,Madrid,2020-04-03T22:20:01.968062Z,0.3346138906136012,18.774,215182707.80529767,136263597.04673344,,94.73.61.9
21378,Grupo MasMovil,Madrid,2020-04-03T22:30:01.430388Z,0.3346138906136012,9.251,258109220.951621,134343447.375292,,94.73.61.9
21378,Grupo MasMovil,Madrid,2020-04-03T22:50:02.131579Z,0.3346138906136012,16.879,208266271.95489854,127127505.63920072,,94.73.61.9
21378,Grupo MasMovil,Madrid,2020-04-03T23:00:01.376569Z,0.3346138906136012,19.902,195056486.7107935,127625754.20388968,,94.73.61.9
21378,Grupo MasMovil,Madrid,2020-04-03T23:10:01.556998Z,0.3346138906136012,16.881,191166240.06262398,115867294.49566257,,94.73.61.9
21378,Grupo MasMovil,Madrid,2020-04-03T23:20:02.145633Z,0.3346138906136012,17.795,172689371.25792852,46404079.6468227,,94.73.61.9
21378,Grupo MasMovil,Madrid,2020-04-03T23:30:01.730712Z,0.3346138906136012,9.24,121745409.66137227,133226067.75089239,,94.73.61.9
21378,Grupo MasMovil,Madrid,2020-04-03T23:40:02.109329Z,0.3346138906136012,9.256,226264254.14679277,143672536.38309968,,94.73.61.9
21378,Grupo MasMovil,Madrid,2020-04-03T23:50:02.065212Z,0.3346138906136012,10.383,194565272.36627057,135828065.50875726,,94.73.61.9
21378,Grupo MasMovil,Madrid,2020-04-04T00:00:06.782266Z,0.3346138906136012,9.856,204158558.79792795,145163066.7084338,,94.73.61.9
21378,Grupo MasMovil,Madrid,2020-04-04T00:10:01.611175Z,0.3346138906136012,9.84,237330569.63288796,69622179.1043315,,94.73.61.9
21378,Grupo MasMovil,Madrid,2020-04-04T00:20:01.653784Z,0.3346138906136012,22.955,224264999.84975037,124327958.87708907,,94.73.61.9
21378,Grupo MasMovil,Madrid,2020-04-04T00:30:02.022833Z,0.3346138906136012,16.96,240524202.44000366,128311522.53964469,,94.73.61.9
21378,Grupo MasMovil,Madrid,2020-04-04T00:40:02.060488Z,0.3346138906136012,20.421,215060162.96465436,125544579.88658486,,94.73.61.9
21378,Grupo MasMovil,Madrid,2020-04-04T17:00:02.170663Z,0.3346138906136012,16.994,222746719.52250856,85577830.92786673,,94.73.61.9
21378,Grupo MasMovil,Madrid,2020-04-04T17:10:01.904344Z,0.3346138906136012,18.483,220404945.1486864,93947840.35504572,,94.73.61.9
21378,Grupo MasMovil,Madrid,2020-04-04T17:20:01.648151Z,0.3346138906136012,20.537,154365010.6307112,85277324.12532364,,94.73.61.9
21378,Grupo MasMovil,Madrid,2020-04-04T17:30:01.377050Z,0.3346138906136012,18.442,195492164.55309218,75096541.03156163,,94.73.61.9
21378,Grupo MasMovil,Madrid,2020-04-04T17:40:01.998673Z,0.3346138906136012,17.336,222702733.82893437,88610057.42901035,,94.73.61.9
21378,Grupo MasMovil,Madrid,2020-04-04T17:50:01.669801Z,0.3346138906136012,18.007,208929198.14702216,78430380.99768503,,94.73.61.9
21378,Grupo MasMovil,Madrid,2020-04-04T18:00:01.233461Z,0.3346138906136012,9.212,91220100.19997983,103704341.08180407,,94.73.61.9
21378,Grupo MasMovil,Madrid,2020-04-04T18:10:01.769218Z,0.3346138906136012,18.001,221088380.64555213,100432301.12767923,,94.73.61.9
21378,Grupo MasMovil,Madrid,2020-04-04T18:20:01.613046Z,0.3346138906136012,17.972,227002243.37971985,95040954.03364316,,94.73.61.9
21378,Grupo MasMovil,Madrid,2020-04-04T18:30:01.220887Z,0.3346138906136012,16.534,167990159.63765457,88181314.54196675,,94.73.61.9
21378,Grupo MasMovil,Madrid,2020-04-04T18:40:01.805199Z,0.3346138906136012,18.764,231887256.1574947,91260102.04284644,,94.73.61.9
21378,Grupo MasMovil,Madrid,2020-04-04T18:50:01.457201Z,0.3346138906136012,19.543,231604536.4430552,95880736.46410066,,94.73.61.9
21378,Grupo MasMovil,Madrid,2020-04-04T19:00:02.049141Z,0.3346138906136012,17.514,213026676.06730276,83655411.30069533,,94.73.61.9
21378,Grupo MasMovil,Madrid,2020-04-04T19:10:01.656880Z,0.3346138906136012,17.91,211178778.6471329,92826129.57630658,,94.73.61.9
21378,Grupo MasMovil,Madrid,2020-04-04T19:20:01.320906Z,0.3346138906136012,21.755,205325252.5164191,101701277.99237739,,94.73.61.9
21378,Grupo MasMovil,Madrid,2020-04-04T19:30:01.955072Z,0.3346138906136012,18.876,207452896.1081514,100224571.05360554,,94.73.61.9
21378,Grupo MasMovil,Madrid,2020-04-04T19:40:01.613947Z,0.3346138906136012,17.61,3103364.707840075,97771800.43429136,,94.73.61.9
21378,Grupo MasMovil,Madrid,2020-04-04T19:50:01.856851Z,0.3346138906136012,10.531,216560583.96459258,97747996.7631632,,94.73.61.9
21378,Grupo MasMovil,Madrid,2020-04-04T20:00:01.353338Z,0.3346138906136012,11.421,99326915.91633034,98562139.09308915,,94.73.61.9
21378,Grupo MasMovil,Madrid,2020-04-04T20:10:02.023152Z,0.3346138906136012,16.979,225046204.29347014,103840619.20554695,,94.73.61.9
21378,Grupo MasMovil,Madrid,2020-04-04T20:20:01.609130Z,0.3346138906136012,16.72,200821402.1274113,87915187.06752805,,94.73.61.9
21378,Grupo MasMovil,Madrid,2020-04-04T20:30:02.199922Z,0.3346138906136012,16.885,176599711.4734111,97488003.15987268,,94.73.61.9
21378,Grupo MasMovil,Madrid,2020-04-04T20:40:01.813655Z,0.3346138906136012,20.729,170229411.08399025,89501905.54651709,,94.73.61.9
21378,Grupo MasMovil,Madrid,2020-04-04T20:50:01.427267Z,0.3346138906136012,16.904,214119532.59044087,85992356.54537511,,94.73.61.9
21378,Grupo MasMovil,Madrid,2020-04-04T21:00:02.028819Z,0.3346138906136012,16.686,218577096.8560862,85737423.5440437,,94.73.61.9
21378,Grupo MasMovil,Madrid,2020-04-04T21:10:01.664028Z,0.3346138906136012,18.108,226314605.33727065,96383145.70493698,,94.73.61.9
21378,Grupo MasMovil,Madrid,2020-04-04T21:20:01.279437Z,0.3346138906136012,18.121,158003712.88913846,97694025.75211334,,94.73.61.9
21378,Grupo MasMovil,Madrid,2020-04-04T21:30:01.885329Z,0.3346138906136012,17.184,168245411.16184765,77466971.65231475,,94.73.61.9
21378,Grupo MasMovil,Madrid,2020-04-04T21:40:01.457165Z,0.3346138906136012,9.733,87046759.01987244,77513689.43350327,,94.73.61.9
21378,Grupo MasMovil,Madrid,2020-04-04T21:50:01.812118Z,0.3346138906136012,20.524,103636255.06244817,27009168.13263451,,94.73.61.9
21378,Grupo MasMovil,Madrid,2020-04-04T22:00:01.641563Z,0.3346138906136012,18.132,38211793.224361494,81322272.13230237,,94.73.61.9
21378,Grupo MasMovil,Madrid,2020-04-04T22:10:01.356339Z,0.3346138906136012,16.87,145204938.92109406,74207118.99203305,,94.73.61.9
21378,Grupo MasMovil,Madrid,2020-04-04T22:20:01.962738Z,0.3346138906136012,10.034,147459354.01835948,33617161.95676962,,94.73.61.9
21378,Grupo MasMovil,Madrid,2020-04-04T22:30:02.110907Z,0.3346138906136012,17.527,128831106.70828487,77515236.47598626,,94.73.61.9
21378,Grupo MasMovil,Madrid,2020-04-04T22:40:01.730983Z,0.3346138906136012,17.46,121234247.2160065,78143421.9549559,,94.73.61.9
21378,Grupo MasMovil,Madrid,2020-04-04T22:50:01.355988Z,0.3346138906136012,18.11,143221523.4723354,82218841.602851,,94.73.61.9
21378,Grupo MasMovil,Madrid,2020-04-04T23:00:01.963383Z,0.3346138906136012,17.084,147171042.780924,72416861.01461017,,94.73.61.9
21378,Grupo MasMovil,Madrid,2020-04-04T23:10:01.564296Z,0.3346138906136012,18.269,124454866.25471373,42267322.46766354,,94.73.61.9
21378,Grupo MasMovil,Madrid,2020-04-04T23:20:02.148034Z,0.3346138906136012,10.003,33118438.522650123,67491942.03591624,,94.73.61.9
21378,Grupo MasMovil,Madrid,2020-04-04T23:30:01.691859Z,0.3346138906136012,17.744,136568118.1396174,74787494.75019337,,94.73.61.9
21378,Grupo MasMovil,Madrid,2020-04-04T23:40:01.972983Z,0.3346138906136012,19.357,130344789.45621562,77109222.37711562,,94.73.61.9
21378,Grupo MasMovil,Madrid,2020-04-04T23:50:01.547285Z,0.3346138906136012,9.266,149217616.9213196,76161759.79438566,,94.73.61.9
21378,Grupo MasMovil,Madrid,2020-04-05T00:00:07.132094Z,0.3346138906136012,20.573,134261690.78298208,72830619.83816963,,94.73.61.9
21378,Grupo MasMovil,Madrid,2020-04-05T00:10:01.768803Z,0.3346138906136012,16.722,141779162.89740464,81186481.67677781,,94.73.61.9
21378,Grupo MasMovil,Madrid,2020-04-05T00:20:01.386212Z,0.3346138906136012,19.479,136496611.1573421,7186529.40810228,,94.73.61.9
21378,Grupo MasMovil,Madrid,2020-04-05T00:30:01.301372Z,0.3346138906136012,17.898,143866003.774558,79806739.92163977,,94.73.61.9
21378,Grupo MasMovil,Madrid,2020-04-05T00:40:01.927365Z,0.3346138906136012,21.61,143053165.16560158,31369289.559647914,,94.73.61.9
21378,Grupo MasMovil,Madrid,2020-04-05T00:50:01.521291Z,0.3346138906136012,9.412,151266588.4281708,85866721.10335904,,94.73.61.9
21378,Grupo MasMovil,Madrid,2020-04-05T01:00:02.403582Z,0.3346138906136012,8.816,153904305.89577287,79506538.5745294,,94.73.61.9
21378,Grupo MasMovil,Madrid,2020-04-05T01:10:01.873892Z,0.3346138906136012,9.65,151080672.0167454,88369106.95561856,,94.73.61.9
21378,Grupo MasMovil,Madrid,2020-04-05T01:20:01.340099Z,0.3346138906136012,9.192,148501317.61718625,86819449.69188769,,94.73.61.9
21378,Grupo MasMovil,Madrid,2020-04-05T01:30:01.800707Z,0.3346138906136012,9.817,150461888.6946933,91650096.82971765,,94.73.61.9
21378,Grupo MasMovil,Madrid,2020-04-05T01:40:01.271324Z,0.3346138906136012,9.102,136368253.93678,85858455.09207593,,94.73.61.9
21378,Grupo MasMovil,Madrid,2020-04-05T01:50:01.736381Z,0.3346138906136012,9.048,141333280.6092203,75396071.52915156,,94.73.61.9
21378,Grupo MasMovil,Madrid,2020-04-05T02:00:01.191503Z,0.3346138906136012,8.645,146651802.0437624,89714258.81529275,,94.73.61.9
21378,Grupo MasMovil,Madrid,2020-04-05T02:10:01.652838Z,0.3346138906136012,9.458,40701544.084309906,91494399.2810094,,94.73.61.9
21378,Grupo MasMovil,Madrid,2020-04-05T02:20:02.205696Z,0.3346138906136012,9.47,162634550.867543,97191069.18594933,,94.73.61.9
21378,Grupo MasMovil,Madrid,2020-04-05T02:30:01.712096Z,0.3346138906136012,9.149,164198219.30196863,95078211.15153116,,94.73.61.9
21378,Grupo MasMovil,Madrid,2020-04-05T02:40:01.174499Z,0.3346138906136012,9.76,162608238.44833952,95272115.80936109,,94.73.61.9
21378,Grupo MasMovil,Madrid,2020-04-05T02:50:01.642859Z,0.3346138906136012,9.52,39700331.80308359,27134006.33133971,,94.73.61.9
21378,Grupo MasMovil,Madrid,2020-04-05T03:00:01.159159Z,0.3346138906136012,9.251,154380346.90473467,37805875.41226799,,94.73.61.9
21378,Grupo MasMovil,Madrid,2020-04-05T03:10:01.716753Z,0.3346138906136012,20.641,137685978.45971867,84000235.89084503,,94.73.61.9
21378,Grupo MasMovil,Madrid,2020-04-05T03:20:01.343646Z,0.3346138906136012,17.275,152082405.37867934,85540858.59436339,,94.73.61.9
21378,Grupo MasMovil,Madrid,2020-04-05T03:30:01.968805Z,0.3346138906136012,19.301,141970286.2319229,26979023.360099852,,94.73.61.9
21378,Grupo MasMovil,Madrid,2020-04-05T03:40:01.683826Z,0.3346138906136012,9.551,151138726.6454249,51318336.26090896,,94.73.61.9
21378,Grupo MasMovil,Madrid,2020-04-05T03:50:01.697901Z,0.3346138906136012,17.879,41841954.76006985,81104731.58132097,,94.73.61.9
21378,Grupo MasMovil,Madrid,2020-04-05T04:00:01.263992Z,0.3346138906136012,9.294,153389851.72465697,76618077.70685858,,94.73.61.9
21378,Grupo MasMovil,Madrid,2020-04-05T04:10:01.733567Z,0.3346138906136012,9.143,153206047.26145485,85812404.41385478,,94.73.61.9
21378,Grupo MasMovil,Madrid,2020-04-05T04:20:01.205821Z,0.3346138906136012,9.666,140179932.01527032,86987749.66451403,,94.73.61.9
21378,Grupo MasMovil,Madrid,2020-04-05T04:30:01.680659Z,0.3346138906136012,9.019,135115610.48492202,85699399.75081141,,94.73.61.9
21378,Grupo MasMovil,Madrid,2020-04-05T04:40:02.139946Z,0.3346138906136012,9.472,144305335.99095303,76925456.81457414,,94.73.61.9
21378,Grupo MasMovil,Madrid,2020-04-05T04:50:01.617435Z,0.3346138906136012,9.175,159469825.67311797,85991310.80775839,,94.73.61.9
21378,Grupo MasMovil,Madrid,2020-04-05T05:00:10.389641Z,0.3346138906136012,9.052,169127777.66079983,85342518.72236171,,94.73.61.9
21378,Grupo MasMovil,Madrid,2020-04-05T05:10:01.923851Z,0.3346138906136012,9.034,153625348.44868708,83246617.20969267,,94.73.61.9
21378,Grupo MasMovil,Madrid,2020-04-05T05:20:01.396276Z,0.3346138906136012,9.375,158552254.4094828,48386122.71123776,,94.73.61.9
21378,Grupo MasMovil,Madrid,2020-04-05T05:30:01.830902Z,0.3346138906136012,19.092,141774528.64672697,77019990.79554708,,94.73.61.9
21378,Grupo MasMovil,Madrid,2020-04-05T05:40:01.449327Z,0.3346138906136012,24.122,137300583.55112344,77375964.6006431,,94.73.61.9
21378,Grupo MasMovil,Madrid,2020-04-05T05:50:02.116906Z,0.3346138906136012,17.183,141980641.66927359,75141257.52271736,,94.73.61.9
21378,Grupo MasMovil,Madrid,2020-04-05T06:00:01.704019Z,0.3346138906136012,23.251,134879361.87281048,74151583.59893456,,94.73.61.9
21378,Grupo MasMovil,Madrid,2020-04-05T06:10:01.360233Z,0.3346138906136012,16.765,142459878.7673675,79643559.7546899,,94.73.61.9
21378,Grupo MasMovil,Madrid,2020-04-05T06:20:03.636877Z,0.3346138906136012,21.995,148658868.06567267,29637219.14699454,,94.73.61.9
21378,Grupo MasMovil,Madrid,2020-04-05T06:30:01.232646Z,0.3346138906136012,9.183,41806283.06346341,76228000.6994225,,94.73.61.9
21378,Grupo MasMovil,Madrid,2020-04-05T06:40:01.800352Z,0.3346138906136012,21.767,136884722.33983603,69991495.11033046,,94.73.61.9
21378,Grupo MasMovil,Madrid,2020-04-05T06:50:01.427137Z,0.3346138906136012,22.123,40055526.022509746,84165489.88219364,,94.73.61.9
21378,Grupo MasMovil,Madrid,2020-04-05T07:00:02.036542Z,0.3346138906136012,9.195,167886244.35931316,44234877.58487492,,94.73.61.9
21378,Grupo MasMovil,Madrid,2020-04-05T07:10:02.046186Z,0.3346138906136012,22.54,136280008.17447418,68982892.2445211,,94.73.61.9
21378,Grupo MasMovil,Madrid,2020-04-05T07:20:01.696789Z,0.3346138906136012,16.725,141376032.36189592,68778065.63578576,,94.73.61.9
21378,Grupo MasMovil,Madrid,2020-04-05T07:30:01.304172Z,0.3346138906136012,17.414,136812119.56724972,43015700.45682799,,94.73.61.9
21378,Grupo MasMovil,Madrid,2020-04-05T07:40:02.062950Z,0.3346138906136012,8.769,150682718.52490687,73673740.9531397,,94.73.61.9
21378,Grupo MasMovil,Madrid,2020-04-05T07:50:01.591394Z,0.3346138906136012,9.639,152504627.71312737,82100235.18179742,,94.73.61.9
21378,Grupo MasMovil,Madrid,2020-04-05T08:00:02.066188Z,0.3346138906136012,9.249,94763050.46902709,34402263.424043335,,94.73.61.9
21378,Grupo MasMovil,Madrid,2020-04-05T08:10:01.311269Z,0.3346138906136012,18.53,123432659.33819853,72191084.29784061,,94.73.61.9
21378,Grupo MasMovil,Madrid,2020-04-05T08:20:01.921611Z,0.3346138906136012,21.89,139593584.7553405,36924688.85620477,,94.73.61.9
21378,Grupo MasMovil,Madrid,2020-04-05T08:30:06.680693Z,0.3346138906136012,10.225,168840917.7896744,27014306.426903263,,94.73.61.9
21378,Grupo MasMovil,Madrid,2020-04-05T08:40:06.400942Z,0.3346138906136012,9.923,105527680.41512777,85202316.02585883,,94.73.61.9
21378,Grupo MasMovil,Madrid,2020-04-05T08:50:01.953849Z,0.3346138906136012,9.317,156213748.29498,14071438.161369942,,94.73.61.9
21378,Grupo MasMovil,Madrid,2020-04-05T09:00:01.471788Z,0.3346138906136012,9.192,156024091.4870532,31429898.0342775,,94.73.61.9
21378,Grupo MasMovil,Madrid,2020-04-05T09:10:02.010213Z,0.3346138906136012,35.809,152936204.99072415,82831076.87301603,,94.73.61.9
21378,Grupo MasMovil,Madrid,2020-04-05T09:20:01.720823Z,0.3346138906136012,16.665,141734910.89082494,83865542.05984913,,94.73.61.9
21378,Grupo MasMovil,Madrid,2020-04-05T09:30:01.313010Z,0.3346138906136012,18.203,122982575.08301707,35537544.08884706,,94.73.61.9
21378,Grupo MasMovil,Madrid,2020-04-05T09:40:01.839338Z,0.3346138906136012,9.283,31183346.455057748,100756674.41317874,,94.73.61.9
21378,Grupo MasMovil,Madrid,2020-04-05T09:50:01.638967Z,0.3346138906136012,9.686,34138024.413295545,79465831.23932666,,94.73.61.9
21378,Grupo MasMovil,Madrid,2020-04-05T10:00:01.283748Z,0.3346138906136012,17.142,105360450.53804117,85628671.39829996,,94.73.61.9
21378,Grupo MasMovil,Madrid,2020-04-05T10:10:01.956976Z,0.3346138906136012,16.788,121759089.9627893,96353332.62622711,,94.73.61.9
21378,Grupo MasMovil,Madrid,2020-04-05T10:20:02.804817Z,0.3346138906136012,17.813,143852154.13583112,82239307.19851424,,94.73.61.9
21378,Grupo MasMovil,Madrid,2020-04-05T10:30:01.392074Z,0.3346138906136012,8.815,158849243.77553633,36956939.128709495,,94.73.61.9
21378,Grupo MasMovil,Madrid,2020-04-05T10:40:01.946136Z,0.3346138906136012,20.582,26174616.111220166,20479828.070835393,,94.73.61.9
21378,Grupo MasMovil,Madrid,2020-04-05T10:50:01.655508Z,0.3346138906136012,19.57,52489321.97041701,43574539.94277191,,94.73.61.9
21378,Grupo MasMovil,Madrid,2020-04-05T11:00:01.234163Z,0.3346138906136012,9.156,12961106.072347233,15296326.795858318,,94.73.61.9
21378,Grupo MasMovil,Madrid,2020-04-05T11:10:01.611682Z,0.3346138906136012,9.347,41969478.98665004,81283250.42266923,,94.73.61.9
21378,Grupo MasMovil,Madrid,2020-04-05T11:20:02.181518Z,0.3346138906136012,17.601,50800518.51185137,73050009.1704735,,94.73.61.9
21378,Grupo MasMovil,Madrid,2020-04-05T11:30:01.834969Z,0.3346138906136012,17.76,142351656.79914922,31594256.854855344,,94.73.61.9
21378,Grupo MasMovil,Madrid,2020-04-05T11:40:01.534152Z,0.3346138906136012,8.767,93173821.0061003,38698654.022694215,,94.73.61.9
21378,Grupo MasMovil,Madrid,2020-04-05T11:50:01.500288Z,0.3346138906136012,8.925,135688792.78667644,32932280.702158865,,94.73.61.9
21378,Grupo MasMovil,Madrid,2020-04-05T12:00:02.081913Z,0.3346138906136012,17.08,133619370.03746365,30913182.83321769,,94.73.61.9
21378,Grupo MasMovil,Madrid,2020-04-05T12:10:01.743264Z,0.3346138906136012,9.711,34075757.78125826,32301338.69057451,,94.73.61.9
21378,Grupo MasMovil,Madrid,2020-04-05T12:20:01.401300Z,0.3346138906136012,18.308,115189071.13539125,25006693.94338319,,94.73.61.9
21378,Grupo MasMovil,Madrid,2020-04-05T12:30:02.036338Z,0.3346138906136012,16.661,81618916.93230158,21618348.14547206,,94.73.61.9
21378,Grupo MasMovil,Madrid,2020-04-05T12:40:01.669930Z,0.3346138906136012,18.632,120702049.44204865,27127671.200432364,,94.73.61.9
21378,Grupo MasMovil,Madrid,2020-04-05T12:50:01.286645Z,0.3346138906136012,8.809,83139762.32671662,27284968.69406481,,94.73.61.9
21378,Grupo MasMovil,Madrid,2020-04-05T13:00:01.286471Z,0.3346138906136012,9.216,96627999.49020821,82226022.14462262,,94.73.61.9
21378,Grupo MasMovil,Madrid,2020-04-05T13:10:01.169848Z,0.3346138906136012,9.299,137587189.76927596,38037496.72787538,,94.73.61.9
21378,Grupo MasMovil,Madrid,2020-04-05T13:20:01.756520Z,0.3346138906136012,16.587,134335459.52648142,81077344.53100632,,94.73.61.9
21378,Grupo MasMovil,Madrid,2020-04-05T13:30:01.349122Z,0.3346138906136012,16.962,132455739.23614533,13501776.002218666,,94.73.61.9
21378,Grupo MasMovil,Madrid,2020-04-05T13:40:01.967215Z,0.3346138906136012,20.442,128762401.41299559,29533819.300358415,,94.73.61.9
21378,Grupo MasMovil,Madrid,2020-04-05T13:50:01.634124Z,0.3346138906136012,21.138,93407021.12171029,86453743.5839793,,94.73.61.9
21378,Grupo MasMovil,Madrid,2020-04-05T14:00:01.263724Z,0.3346138906136012,17.598,117236248.15212987,92002337.19059847,,94.73.61.9
21378,Grupo MasMovil,Madrid,2020-04-05T14:10:01.869448Z,0.3346138906136012,19.175,114907081.91099805,76520784.23039998,,94.73.61.9
21378,Grupo MasMovil,Madrid,2020-04-05T14:20:01.581845Z,0.3346138906136012,19.276,115768511.65730698,85971235.94990392,,94.73.61.9
21378,Grupo MasMovil,Madrid,2020-04-05T14:30:02.188570Z,0.3346138906136012,19.239,132264327.82986696,85981601.59743433,,94.73.61.9
21378,Grupo MasMovil,Madrid,2020-04-05T14:40:01.808566Z,0.3346138906136012,19.172,82158111.36969768,14980371.296383511,,94.73.61.9
21378,Grupo MasMovil,Madrid,2020-04-05T14:50:01.728124Z,0.3346138906136012,18.323,129147837.48867966,6763759.923385899,,94.73.61.9
21378,Grupo MasMovil,Madrid,2020-04-05T15:00:01.340971Z,0.3346138906136012,16.729,136016330.32758957,80059474.14935234,,94.73.61.9
21378,Grupo MasMovil,Madrid,2020-04-05T15:10:01.955784Z,0.3346138906136012,23.17,143725929.9490601,77362210.13691077,,94.73.61.9
21378,Grupo MasMovil,Madrid,2020-04-05T15:20:01.596342Z,0.3346138906136012,17.269,123877381.3245576,79726851.37372772,,94.73.61.9
21378,Grupo MasMovil,Madrid,2020-04-05T15:30:01.276591Z,0.3346138906136012,16.678,135457106.24760994,91359829.63393529,,94.73.61.9
21378,Grupo MasMovil,Madrid,2020-04-05T15:40:02.050874Z,0.3346138906136012,21.635,143129249.40430123,85046002.68626739,,94.73.61.9
21378,Grupo MasMovil,Madrid,2020-04-05T15:50:01.649699Z,0.3346138906136012,9.879,39114044.98103411,79703802.89038405,,94.73.61.9
21378,Grupo MasMovil,Madrid,2020-04-05T16:00:01.295991Z,0.3346138906136012,16.05,147346515.56368518,32985403.46369163,,94.73.61.9
21378,Grupo MasMovil,Madrid,2020-04-05T16:10:01.916266Z,0.3346138906136012,8.743,22413170.01790278,4140746.650777495,,94.73.61.9
21378,Grupo MasMovil,Madrid,2020-04-05T16:20:01.220979Z,0.3346138906136012,9.045,171301513.7963439,30356379.522840135,,94.73.61.9
21378,Grupo MasMovil,Madrid,2020-04-05T16:30:01.770817Z,0.3346138906136012,23.428,142459734.98796716,88457695.68123238,,94.73.61.9
21378,Grupo MasMovil,Madrid,2020-04-05T16:40:01.401042Z,0.3346138906136012,22.618,131304757.95111006,74123316.27239852,,94.73.61.9
21378,Grupo MasMovil,Madrid,2020-04-05T16:50:02.045814Z,0.3346138906136012,21.295,127502777.04846004,84256378.41561647,,94.73.61.9
21378,Grupo MasMovil,Madrid,2020-04-05T17:00:02.866159Z,0.3346138906136012,17.684,154123924.75579736,88308969.95561913,,94.73.61.9
21378,Grupo MasMovil,Madrid,2020-04-05T17:10:01.489493Z,0.3346138906136012,23.178,102766213.5963795,12400055.252912413,,94.73.61.9
21378,Grupo MasMovil,Madrid,2020-04-05T17:20:01.345853Z,0.3346138906136012,18.589,136662104.26050088,73819217.33749871,,94.73.61.9
21378,Grupo MasMovil,Madrid,2020-04-05T17:30:02.007991Z,0.3346138906136012,17.106,115382119.1413993,80889602.96837223,,94.73.61.9
21378,Grupo MasMovil,Madrid,2020-04-05T17:40:01.595233Z,0.3346138906136012,9.631,39134261.20220357,77993844.73152433,,94.73.61.9
21378,Grupo MasMovil,Madrid,2020-04-05T17:50:02.211139Z,0.3346138906136012,21.909,43391065.57285887,6688811.839532233,,94.73.61.9
21378,Grupo MasMovil,Madrid,2020-04-05T18:00:01.332805Z,0.3346138906136012,17.484,43134848.90756646,87519113.3621258,,94.73.61.9
21378,Grupo MasMovil,Madrid,2020-04-05T18:10:02.000420Z,0.3346138906136012,9.16,37313161.70946064,29503293.510862365,,94.73.61.9
21378,Grupo MasMovil,Madrid,2020-04-05T18:20:01.685090Z,0.3346138906136012,17.777,132721604.74099922,31059806.233607974,,94.73.61.9
21378,Grupo MasMovil,Madrid,2020-04-05T18:30:01.445556Z,0.3346138906136012,18.233,135357768.07963425,97669155.97797465,,94.73.61.9
